Component: ARM Compiler 5.06 update 7 (build 960) Tool: armlink [4d3601]

==============================================================================

Section Cross References

    main.o(.text) refers to framework.o(.text) for fw_init
    main.o(.text) refers to device.o(.text) for dev_init
    main.o(.text) refers to config.o(.text) for conf_init
    main.o(.text) refers to bldc.o(.text) for engine_init
    main.o(.text) refers to logical.o(.text) for logic_init
    main.o(.text) refers to datapackage.o(.text) for datap_init
    logical.o(.text) refers to framework.o(.text) for buzzerTone
    logical.o(.text) refers to device.o(.text) for devTurn
    logical.o(.text) refers to slave.o(.text) for slave_init
    logical.o(.text) refers to work.o(.text) for work_init
    logical.o(.text) refers to calibration.o(.text) for calibration_init
    logical.o(.text) refers to bldc.o(.text) for engineEnable
    logical.o(.text) refers to gd32f1x0_fwdgt.o(.text) for fwdgt_counter_reload
    logical.o(.text) refers to datapackage.o(.text) for dpGetTurn
    logical.o(.text) refers to logical.o(.bss) for logical
    logical.o(.text) refers to config.o(.bss) for config
    calibration.o(.text) refers to config.o(.text) for confDefine
    calibration.o(.text) refers to bldc.o(.text) for engineHall
    calibration.o(.text) refers to device.o(.text) for devBrake
    calibration.o(.text) refers to logical.o(.text) for logicSound
    calibration.o(.text) refers to framework.o(.text) for millis
    calibration.o(.text) refers to config.o(.bss) for config
    calibration.o(.text) refers to calibration.o(.bss) for calibration
    calibration.o(.text) refers to bldc.o(.bss) for engine
    slave.o(.text) refers to bldc.o(.text) for enginePhase
    slave.o(.text) refers to logical.o(.text) for logicVoltageControl
    slave.o(.text) refers to config.o(.bss) for config
    work.o(.text) refers to bldc.o(.text) for enginePhase
    work.o(.text) refers to device.o(.text) for devThrottle
    work.o(.text) refers to logical.o(.text) for logicRemoteDevice
    work.o(.text) refers to datapackage.o(.text) for dpMaster
    work.o(.text) refers to config.o(.bss) for config
    framework.o(.text) refers to _printf_percent.o(.ARM.Collect$$_printf_percent$$00000000) for _printf_percent
    framework.o(.text) refers to _printf_d.o(.ARM.Collect$$_printf_percent$$00000009) for _printf_d
    framework.o(.text) refers to _printf_dec.o(.text) for _printf_int_dec
    framework.o(.text) refers to _printf_f.o(.ARM.Collect$$_printf_percent$$00000003) for _printf_f
    framework.o(.text) refers to printf1.o(x$fpl$printf1) for _printf_fp_dec
    framework.o(.text) refers to gd32f1x0_gpio.o(.text) for gpio_mode_set
    framework.o(.text) refers to gd32f1x0_fwdgt.o(.text) for fwdgt_counter_reload
    framework.o(.text) refers to gd32f1x0_fmc.o(.text) for fmc_unlock
    framework.o(.text) refers to datapackage.o(.text) for datapEvent
    framework.o(.text) refers to gd32f1x0_usart.o(.text) for usart_data_transmit
    framework.o(.text) refers to framework.o(.bss) for fw_adc
    framework.o(.text) refers to noretval__2snprintf.o(.text) for __2snprintf
    framework.o(.text) refers to f2d.o(x$fpl$f2d) for __aeabi_f2d
    framework.o(.text) refers to gd32f1x0_timer.o(.text) for timer_break_config
    framework.o(.text) refers to gd32f1x0_dma.o(.text) for dma_circulation_enable
    framework.o(.text) refers to gd32f1x0_rcu.o(.text) for rcu_flag_get
    framework.o(.text) refers to system_gd32f1x0.o(.text) for SystemCoreClockUpdate
    framework.o(.text) refers to gd32f1x0_misc.o(.text) for nvic_priority_group_set
    framework.o(.text) refers to gd32f1x0_adc.o(.text) for adc_channel_length_config
    framework.o(.text) refers to framework.o(.data) for buzzer
    framework.o(.text) refers to system_gd32f1x0.o(.data) for SystemCoreClock
    framework.o(.text) refers to device.o(.text) for devEventADC
    framework.o(.text) refers to bldc.o(.text) for engineEventPWM
    device.o(.text) refers to framework.o(.text) for analogRead
    device.o(.text) refers to config.o(.bss) for config
    device.o(.text) refers to device.o(.bss) for current
    config.o(.text) refers to framework.o(.text) for flashErase
    config.o(.text) refers to config.o(.bss) for config
    bldc.o(.text) refers to framework.o(.text) for timerBLDC
    bldc.o(.text) refers to device.o(.text) for devHall
    bldc.o(.text) refers to lludivv7m.o(.text) for __aeabi_uldivmod
    bldc.o(.text) refers to bldc.o(.bss) for engine
    bldc.o(.text) refers to config.o(.bss) for config
    bldc.o(.text) refers to bldc.o(.constdata) for tableMeander
    bldc.o(.text) refers to gd32f1x0_timer.o(.text) for timer_channel_output_pulse_value_config
    bldc.o(.text) refers to bldc.o(.data) for hallTempL
    datapackage.o(.text) refers to framework.o(.text) for millis
    datapackage.o(.text) refers to device.o(.text) for devHall
    datapackage.o(.text) refers to bldc.o(.text) for engineTurnover
[...]
    .ARM.Collect$$rtentry$$00000004          0x08000204   Section        6  __rtentry4.o(.ARM.Collect$$rtentry$$00000004)
    .ARM.Collect$$rtentry$$00000009          0x0800020a   Section        0  __rtentry2.o(.ARM.Collect$$rtentry$$00000009)
    .ARM.Collect$$rtentry$$0000000A          0x0800020a   Section        4  __rtentry2.o(.ARM.Collect$$rtentry$$0000000A)
    .ARM.Collect$$rtentry$$0000000C          0x0800020e   Section        0  __rtentry2.o(.ARM.Collect$$rtentry$$0000000C)
    .ARM.Collect$$rtentry$$0000000D          0x0800020e   Section        8  __rtentry2.o(.ARM.Collect$$rtentry$$0000000D)
    .ARM.Collect$$rtexit$$00000000           0x08000216   Section        2  rtexit.o(.ARM.Collect$$rtexit$$00000000)
    .ARM.Collect$$rtexit$$00000002           0x08000218   Section        0  rtexit2.o(.ARM.Collect$$rtexit$$00000002)
    .ARM.Collect$$rtexit$$00000003           0x08000218   Section        4  rtexit2.o(.ARM.Collect$$rtexit$$00000003)
    .ARM.Collect$$rtexit$$00000004           0x0800021c   Section        6  rtexit2.o(.ARM.Collect$$rtexit$$00000004)
    .text                                    0x08000222   Section        0  main.o(.text)
    .text                                    0x08000248   Section        0  logical.o(.text)
    .text                                    0x08000450   Section        0  calibration.o(.text)
    .text                                    0x08000768   Section        0  slave.o(.text)
    .text                                    0x0800079c   Section        0  work.o(.text)
    .text                                    0x080007f8   Section        0  framework.o(.text)
    .text                                    0x0800140c   Section        0  device.o(.text)
    .text                                    0x0800173c   Section        0  config.o(.text)
    .text                                    0x08001824   Section        0  bldc.o(.text)
    .text                                    0x080023cc   Section        0  datapackage.o(.text)
    .text                                    0x08002a14   Section        0  gd32f1x0_adc.o(.text)
    .text                                    0x080030b4   Section        0  gd32f1x0_dma.o(.text)
    .text                                    0x08003580   Section        0  gd32f1x0_fmc.o(.text)
    fmc_state_get                            0x080035db   Thumb Code    44  gd32f1x0_fmc.o(.text)
    fmc_ready_wait                           0x08003607   Thumb Code    34  gd32f1x0_fmc.o(.text)
    .text                                    0x08003b48   Section        0  gd32f1x0_fwdgt.o(.text)
    .text                                    0x08003c14   Section        0  gd32f1x0_gpio.o(.text)
    .text                                    0x08003df0   Section        0  gd32f1x0_misc.o(.text)
    .text                                    0x08003f14   Section        0  gd32f1x0_rcu.o(.text)
    .text                                    0x080047bc   Section        0  gd32f1x0_timer.o(.text)
    .text                                    0x0800557c   Section        0  gd32f1x0_usart.o(.text)
    .text                                    0x08005bcc   Section       64  startup_gd32f1x0.o(.text)
    .text                                    0x08005c0c   Section        0  system_gd32f1x0.o(.text)
    system_clock_72m_irc8m                   0x08005c0d   Thumb Code   106  system_gd32f1x0.o(.text)
    system_clock_config                      0x08005c77   Thumb Code     8  system_gd32f1x0.o(.text)
    .text                                    0x08005df8   Section      238  lludivv7m.o(.text)
    .text                                    0x08005ee8   Section        0  noretval__2snprintf.o(.text)
    .text                                    0x08005f1c   Section        0  __printf.o(.text)
    .text                                    0x08005f84   Section        0  _printf_dec.o(.text)
    .text                                    0x08005ffc   Section        0  heapauxi.o(.text)
    .text                                    0x08006002   Section        0  _printf_intcommon.o(.text)
    .text                                    0x080060b4   Section        0  _printf_fp_dec.o(.text)
    _fp_digits                               0x080060b7   Thumb Code   432  _printf_fp_dec.o(.text)
    .text                                    0x080064d4   Section        0  _printf_char_common.o(.text)
    _printf_input_char                       0x080064d5   Thumb Code    10  _printf_char_common.o(.text)
    .text                                    0x08006504   Section        0  _sputc.o(.text)
    .text                                    0x0800650e   Section        0  _snputc.o(.text)
    .text                                    0x08006520   Section        8  rt_locale_intlibspace.o(.text)
    .text                                    0x08006528   Section      138  lludiv10.o(.text)
    .text                                    0x080065b4   Section        0  _printf_fp_infnan.o(.text)
    .text                                    0x08006634   Section        0  bigflt0.o(.text)
    .text                                    0x08006718   Section        8  libspace.o(.text)
    .text                                    0x08006720   Section       74  sys_stackheap_outer.o(.text)
    .text                                    0x0800676a   Section        0  exit.o(.text)
    .text                                    0x0800677c   Section      128  strcmpv7m.o(.text)
    .text                                    0x080067fc   Section        0  sys_exit.o(.text)
    .text                                    0x08006808   Section        2  use_no_semi.o(.text)
    .text                                    0x0800680a   Section        0  indicate_semi.o(.text)
    CL$$btod_d2e                             0x0800680a   Section       62  btod.o(CL$$btod_d2e)
    CL$$btod_d2e_denorm_low                  0x08006848   Section       70  btod.o(CL$$btod_d2e_denorm_low)
    CL$$btod_d2e_norm_op1                    0x0800688e   Section       96  btod.o(CL$$btod_d2e_norm_op1)
    CL$$btod_div_common                      0x080068ee   Section      824  btod.o(CL$$btod_div_common)
    CL$$btod_e2e                             0x08006c26   Section      220  btod.o(CL$$btod_e2e)
    CL$$btod_ediv                            0x08006d02   Section       42  btod.o(CL$$btod_ediv)
    CL$$btod_emul                            0x08006d2c   Section       42  btod.o(CL$$btod_emul)
    CL$$btod_mult_common                     0x08006d56   Section      580  btod.o(CL$$btod_mult_common)
    i.__ARM_fpclassify                       0x08006f9a   Section        0  fpclassify.o(i.__ARM_fpclassify)
    locale$$code                             0x08006fc4   Section       44  lc_numeric_c.o(locale$$code)
    x$fpl$dretinf                            0x08006ff0   Section       12  dretinf.o(x$fpl$dretinf)
    x$fpl$f2d                                0x08006ffc   Section       86  f2d.o(x$fpl$f2d)
    x$fpl$fnaninf                            0x08007052   Section      140  fnaninf.o(x$fpl$fnaninf)
    x$fpl$printf1                            0x080070de   Section        4  printf1.o(x$fpl$printf1)
    .constdata                               0x080070e2   Section      754  bldc.o(.constdata)
    x$fpl$usenofp                            0x080070e2   Section        0  usenofp.o(x$fpl$usenofp)
    .constdata                               0x080073d4   Section      148  bigflt0.o(.constdata)
    tenpwrs_x                                0x080073d4   Data          60  bigflt0.o(.constdata)
    tenpwrs_i                                0x08007410   Data          64  bigflt0.o(.constdata)
    locale$$data                             0x08007488   Section       28  lc_numeric_c.o(locale$$data)
    __lcnum_c_name                           0x0800748c   Data           2  lc_numeric_c.o(locale$$data)
    __lcnum_c_start                          0x08007494   Data           0  lc_numeric_c.o(locale$$data)
    __lcnum_c_point                          0x080074a0   Data           0  lc_numeric_c.o(locale$$data)
    __lcnum_c_thousands                      0x080074a2   Data           0  lc_numeric_c.o(locale$$data)
    __lcnum_c_grouping                       0x080074a3   Data           0  lc_numeric_c.o(locale$$data)
    __lcnum_c_end                            0x080074a4   Data           0  lc_numeric_c.o(locale$$data)
    .data                                    0x20000000   Section        6  framework.o(.data)
    .data                                    0x20000006   Section        2  bldc.o(.data)
    .data                                    0x20000008   Section        4  system_gd32f1x0.o(.data)
    .bss                                     0x2000000c   Section       20  logical.o(.bss)
    .bss                                     0x20000020   Section       16  calibration.o(.bss)
    .bss                                     0x20000030   Section      144  framework.o(.bss)
    .bss                                     0x200000c0   Section       84  device.o(.bss)
    .bss                                     0x20000114   Section       48  config.o(.bss)
    .bss                                     0x20000148   Section      112  bldc.o(.bss)
    .bss                                     0x200001b8   Section       36  datapackage.o(.bss)
    .bss                                     0x200001dc   Section       96  libspace.o(.bss)
    HEAP                                     0x20000240   Section     1024  startup_gd32f1x0.o(HEAP)
    Heap_Mem                                 0x20000240   Data        1024  startup_gd32f1x0.o(HEAP)
    STACK                                    0x20000640   Section     1024  startup_gd32f1x0.o(STACK)
    Stack_Mem                                0x20000640   Data        1024  startup_gd32f1x0.o(STACK)
    __initial_sp                             0x20000a40   Data           0  startup_gd32f1x0.o(STACK)

    Global Symbols

    Symbol Name                              Value     Ov Type        Size  Object(Section)

    BuildAttributes$$THM_ISAv4$P$D$K$B$S$PE$A:L22UL41UL21$X:L11$S22US41US21$IEEE1$IW$USESV6$~STKCKD$USESV7$~SHL$OTIME$ROPI$IEEEJ$EBA8$UX$STANDARDLIB$REQ8$PRES8$EABIv2 0x00000000   Number         0  anon$$obj.o ABSOLUTE
    __ARM_use_no_argv                        0x00000000   Number         0  main.o ABSOLUTE
    __ARM_exceptions_init                     - Undefined Weak Reference
    __alloca_initialize                       - Undefined Weak Reference
    __arm_fini_                               - Undefined Weak Reference
    __arm_preinit_                            - Undefined Weak Reference
    __cpp_initialize__aeabi_                  - Undefined Weak Reference
    __cxa_finalize                            - Undefined Weak Reference
    __sigvec_lookup                           - Undefined Weak Reference
    _atexit_init                              - Undefined Weak Reference
    _call_atexit_fns                          - Undefined Weak Reference
    _clock_init                               - Undefined Weak Reference
    _fp_trap_init                             - Undefined Weak Reference
    _fp_trap_shutdown                         - Undefined Weak Reference
    _get_lc_collate                           - Undefined Weak Reference
    _get_lc_ctype                             - Undefined Weak Reference
    _get_lc_monetary                          - Undefined Weak Reference
    _get_lc_time                              - Undefined Weak Reference
    _getenv_init                              - Undefined Weak Reference
    _handle_redirection                       - Undefined Weak Reference
    _init_alloc                               - Undefined Weak Reference
    _init_user_alloc                          - Undefined Weak Reference
    _initio                                   - Undefined Weak Reference
    _printf_post_padding                      - Undefined Weak Reference
    _printf_pre_padding                       - Undefined Weak Reference
    _printf_truncate_signed                   - Undefined Weak Reference
    _printf_truncate_unsigned                 - Undefined Weak Reference
    _rand_init                                - Undefined Weak Reference
    _signal_finish                            - Undefined Weak Reference
    _signal_init                              - Undefined Weak Reference
    _terminate_alloc                          - Undefined Weak Reference
    _terminate_user_alloc                     - Undefined Weak Reference
    _terminateio                              - Undefined Weak Reference
    __Vectors_Size                           0x00000168   Number         0  startup_gd32f1x0.o ABSOLUTE
    __Vectors                                0x08000000   Data           4  startup_gd32f1x0.o(RESET)
    __Vectors_End                            0x08000168   Data           0  startup_gd32f1x0.o(RESET)
    __main                                   0x08000169   Thumb Code     8  __main.o(!!!main)
    __scatterload                            0x08000171   Thumb Code     0  __scatter.o(!!!scatter)
    __scatterload_rt2                        0x08000171   Thumb Code    44  __scatter.o(!!!scatter)
    __scatterload_rt2_thumb_only             0x08000171   Thumb Code     0  __scatter.o(!!!scatter)
    __scatterload_null                       0x0800017f   Thumb Code     0  __scatter.o(!!!scatter)
    __scatterload_copy                       0x080001a5   Thumb Code    26  __scatter_copy.o(!!handler_copy)
    __scatterload_zeroinit                   0x080001c1   Thumb Code    28  __scatter_zi.o(!!handler_zi)
    _printf_f                                0x080001dd   Thumb Code     0  _printf_f.o(.ARM.Collect$$_printf_percent$$00000003)
    _printf_percent                          0x080001dd   Thumb Code     0  _printf_percent.o(.ARM.Collect$$_printf_percent$$00000000)
    _printf_d                                0x080001e3   Thumb Code     0  _printf_d.o(.ARM.Collect$$_printf_percent$$00000009)
    _printf_percent_end                      0x080001e9   Thumb Code     0  _printf_percent_end.o(.ARM.Collect$$_printf_percent$$00000017)
    __rt_lib_init                            0x080001ed   Thumb Code     0  libinit.o(.ARM.Collect$$libinit$$00000000)
    __rt_lib_init_fp_1                       0x080001ef   Thumb Code     0  libinit2.o(.ARM.Collect$$libinit$$00000002)
    __rt_lib_init_heap_1                     0x080001ef   Thumb Code     0  libinit2.o(.ARM.Collect$$libinit$$0000000A)
    __rt_lib_init_lc_common                  0x080001ef   Thumb Code     0  libinit2.o(.ARM.Collect$$libinit$$0000000F)
    __rt_lib_init_preinit_1                  0x080001ef   Thumb Code     0  libinit2.o(.ARM.Collect$$libinit$$00000004)
    __rt_lib_init_rand_1                     0x080001ef   Thumb Code     0  libinit2.o(.ARM.Collect$$libinit$$0000000E)
    __rt_lib_init_user_alloc_1               0x080001ef   Thumb Code     0  libinit2.o(.ARM.Collect$$libinit$$0000000C)
    __rt_lib_init_lc_collate_1               0x080001f5   Thumb Code     0  libinit2.o(.ARM.Collect$$libinit$$00000011)
    __rt_lib_init_lc_ctype_1                 0x080001f5   Thumb Code     0  libinit2.o(.ARM.Collect$$libinit$$00000013)
    __rt_lib_init_lc_monetary_1              0x080001f5   Thumb Code     0  libinit2.o(.ARM.Collect$$libinit$$00000015)
    __rt_lib_init_lc_numeric_2               0x080001f5   Thumb Code     0  libinit2.o(.ARM.Collect$$libinit$$00000016)
    __rt_lib_init_alloca_1                   0x080001ff   Thumb Code     0  libinit2.o(.ARM.Collect$$libinit$$0000002E)
    __rt_lib_init_argv_1                     0x080001ff   Thumb Code     0  libinit2.o(.ARM.Collect$$libinit$$0000002C)
    __rt_lib_init_atexit_1                   0x080001ff   Thumb Code     0  libinit2.o(.ARM.Collect$$libinit$$0000001B)
    __rt_lib_init_clock_1                    0x080001ff   Thumb Code     0  libinit2.o(.ARM.Collect$$libinit$$00000021)
    __rt_lib_init_cpp_1                      0x080001ff   Thumb Code     0  libinit2.o(.ARM.Collect$$libinit$$00000032)
    __rt_lib_init_exceptions_1               0x080001ff   Thumb Code     0  libinit2.o(.ARM.Collect$$libinit$$00000030)
    __rt_lib_init_fp_trap_1                  0x080001ff   Thumb Code     0  libinit2.o(.ARM.Collect$$libinit$$0000001F)
    __rt_lib_init_getenv_1                   0x080001ff   Thumb Code     0  libinit2.o(.ARM.Collect$$libinit$$00000023)
    __rt_lib_init_lc_numeric_1               0x080001ff   Thumb Code     0  libinit2.o(.ARM.Collect$$libinit$$00000017)
    __rt_lib_init_lc_time_1                  0x080001ff   Thumb Code     0  libinit2.o(.ARM.Collect$$libinit$$00000019)
    __rt_lib_init_return                     0x080001ff   Thumb Code     0  libinit2.o(.ARM.Collect$$libinit$$00000033)
    __rt_lib_init_signal_1                   0x080001ff   Thumb Code     0  libinit2.o(.ARM.Collect$$libinit$$0000001D)
    __rt_lib_init_stdio_1                    0x080001ff   Thumb Code     0  libinit2.o(.ARM.Collect$$libinit$$00000025)
    __rt_lib_shutdown                        0x08000201   Thumb Code     0  libshutdown.o(.ARM.Collect$$libshutdown$$00000000)
    __rt_lib_shutdown_cpp_1                  0x08000203   Thumb Code     0  libshutdown2.o(.ARM.Collect$$libshutdown$$00000004)
    __rt_lib_shutdown_fini_1                 0x08000203   Thumb Code     0  libshutdown2.o(.ARM.Collect$$libshutdown$$00000002)
    __rt_lib_shutdown_fp_trap_1              0x08000203   Thumb Code     0  libshutdown2.o(.ARM.Collect$$libshutdown$$00000009)
    __rt_lib_shutdown_heap_1                 0x08000203   Thumb Code     0  libshutdown2.o(.ARM.Collect$$libshutdown$$00000011)
    __rt_lib_shutdown_return                 0x08000203   Thumb Code     0  libshutdown2.o(.ARM.Collect$$libshutdown$$00000012)
    __rt_lib_shutdown_signal_1               0x08000203   Thumb Code     0  libshutdown2.o(.ARM.Collect$$libshutdown$$0000000C)
    __rt_lib_shutdown_stdio_1                0x08000203   Thumb Code     0  libshutdown2.o(.ARM.Collect$$libshutdown$$00000006)
    __rt_lib_shutdown_user_alloc_1           0x08000203   Thumb Code     0  libshutdown2.o(.ARM.Collect$$libshutdown$$0000000E)
    __rt_entry                               0x08000205   Thumb Code     0  __rtentry.o(.ARM.Collect$$rtentry$$00000000)
    __rt_entry_presh_1                       0x08000205   Thumb Code     0  __rtentry2.o(.ARM.Collect$$rtentry$$00000002)
    __rt_entry_sh                            0x08000205   Thumb Code     0  __rtentry4.o(.ARM.Collect$$rtentry$$00000004)
    __rt_entry_li                            0x0800020b   Thumb Code     0  __rtentry2.o(.ARM.Collect$$rtentry$$0000000A)
    __rt_entry_postsh_1                      0x0800020b   Thumb Code     0  __rtentry2.o(.ARM.Collect$$rtentry$$00000009)
    __rt_entry_main                          0x0800020f   Thumb Code     0  __rtentry2.o(.ARM.Collect$$rtentry$$0000000D)
    __rt_entry_postli_1                      0x0800020f   Thumb Code     0  __rtentry2.o(.ARM.Collect$$rtentry$$0000000C)
    __rt_exit                                0x08000217   Thumb Code     0  rtexit.o(.ARM.Collect$$rtexit$$00000000)
    __rt_exit_ls                             0x08000219   Thumb Code     0  rtexit2.o(.ARM.Collect$$rtexit$$00000003)
    __rt_exit_prels_1                        0x08000219   Thumb Code     0  rtexit2.o(.ARM.Collect$$rtexit$$00000002)
    __rt_exit_exit                           0x0800021d   Thumb Code     0  rtexit2.o(.ARM.Collect$$rtexit$$00000004)
    main                                     0x08000223   Thumb Code    36  main.o(.text)
    logicSound                               0x08000249   Thumb Code    56  logical.o(.text)
    logic_init                               0x08000281   Thumb Code    78  logical.o(.text)
    logicSoundDevice                         0x080002cf   Thumb Code    84  logical.o(.text)
    logicSoundTime                           0x08000323   Thumb Code    46  logical.o(.text)
    logicVoltageControl                      0x08000351   Thumb Code   138  logical.o(.text)
    logic_loop                               0x080003db   Thumb Code    56  logical.o(.text)
    logicTurnigOff                           0x08000413   Thumb Code    46  logical.o(.text)
    logicRemoteDevice                        0x08000441   Thumb Code     6  logical.o(.text)
    calibration_init                         0x08000451   Thumb Code    82  calibration.o(.text)
    calibrationNext                          0x080004a3   Thumb Code    34  calibration.o(.text)
    calibration_loop                         0x080004c5   Thumb Code   664  calibration.o(.text)
    slave_init                               0x08000769   Thumb Code    34  slave.o(.text)
    slave_loop                               0x0800078b   Thumb Code    12  slave.o(.text)
    work_init                                0x0800079d   Thumb Code    34  work.o(.text)
    work_loop                                0x080007bf   Thumb Code    52  work.o(.text)
    getPort                                  0x080007f9   Thumb Code    64  framework.o(.text)
    getPin                                   0x08000839   Thumb Code    64  framework.o(.text)
    getChannel                               0x08000879   Thumb Code    72  framework.o(.text)
    pinMode                                  0x080008c1   Thumb Code   102  framework.o(.text)
    digitalWrite                             0x08000927   Thumb Code    36  framework.o(.text)
    digitalRead                              0x0800094b   Thumb Code    28  framework.o(.text)
    analogRead                               0x08000967   Thumb Code    92  framework.o(.text)
    millis                                   0x080009c3   Thumb Code     6  framework.o(.text)
    micros                                   0x080009c9   Thumb Code     6  framework.o(.text)
    delay                                    0x080009cf   Thumb Code    34  framework.o(.text)
    flashErase                               0x080009f1   Thumb Code    26  framework.o(.text)
    flashRead                                0x08000a0b   Thumb Code     6  framework.o(.text)
    flashWrite                               0x08000a11   Thumb Code    38  framework.o(.text)
    flashWriteBuffer                         0x08000a37   Thumb Code    44  framework.o(.text)
    flashReadBuffer                          0x08000a63   Thumb Code    28  framework.o(.text)
    uartClear                                0x08000a7f   Thumb Code    30  framework.o(.text)
    uartAddress                              0x08000a9d   Thumb Code    14  framework.o(.text)
    uartEventData                            0x08000aab   Thumb Code   132  framework.o(.text)
    uartAvaliable                            0x08000b2f   Thumb Code    18  framework.o(.text)
    uartRead                                 0x08000b41   Thumb Code   102  framework.o(.text)
    uartWrite                                0x08000ba7   Thumb Code    48  framework.o(.text)
    uartWriteBuffer                          0x08000bd7   Thumb Code    98  framework.o(.text)
    uartPrint                                0x08000c39   Thumb Code    26  framework.o(.text)
    uartPrintInt                             0x08000c53   Thumb Code    28  framework.o(.text)
    uartPrintFloat                           0x08000c6f   Thumb Code    40  framework.o(.text)
    buzzerTone                               0x08000c97   Thumb Code     6  framework.o(.text)
    deathTime                                0x08000c9d   Thumb Code    30  framework.o(.text)
    initHall                                 0x08000cbb   Thumb Code    32  framework.o(.text)
    initPhase                                0x08000cdb   Thumb Code    82  framework.o(.text)
    initTimerBLDC                            0x08000d2d   Thumb Code    46  framework.o(.text)
    timerBLDC                                0x08000d5b   Thumb Code    54  framework.o(.text)
    initUartPin                              0x08000d91   Thumb Code    88  framework.o(.text)
    initUartConfig                           0x08000de9   Thumb Code    70  framework.o(.text)
    initUartDMA                              0x08000e2f   Thumb Code    50  framework.o(.text)
    wd_init                                  0x08000e61   Thumb Code    54  framework.o(.text)
    fw_init                                  0x08000e97   Thumb Code  1116  framework.o(.text)
    SysTick_Handler                          0x080012f3   Thumb Code    52  framework.o(.text)
    DMA_Channel0_IRQHandler                  0x08001327   Thumb Code    26  framework.o(.text)
    DMA_Channel1_2_IRQHandler                0x08001341   Thumb Code    28  framework.o(.text)
    DMA_Channel3_4_IRQHandler                0x0800135d   Thumb Code    28  framework.o(.text)
    TIMER0_BRK_UP_TRG_COM_IRQHandler         0x08001379   Thumb Code    22  framework.o(.text)
    TIMER13_IRQHandler                       0x0800138f   Thumb Code    92  framework.o(.text)
    devVoltage                               0x0800140d   Thumb Code    28  device.o(.text)
    devCurrent                               0x08001429   Thumb Code     8  device.o(.text)
    devPhaseA                                0x08001431   Thumb Code     8  device.o(.text)
    devPhaseB                                0x08001439   Thumb Code     8  device.o(.text)
    devPhaseC                                0x08001441   Thumb Code     8  device.o(.text)
    devHall                                  0x08001449   Thumb Code    34  device.o(.text)
    devPress                                 0x0800146b   Thumb Code    90  device.o(.text)
    devTurn                                  0x080014c5   Thumb Code    20  device.o(.text)
    devCharge                                0x080014d9   Thumb Code    10  device.o(.text)
    devThrottle                              0x080014e3   Thumb Code     6  device.o(.text)
    devBrake                                 0x080014e9   Thumb Code     6  device.o(.text)
    devPWM                                   0x080014ef   Thumb Code     2  device.o(.text)
    devEventCurrent                          0x080014f1   Thumb Code   122  device.o(.text)
    devEventThrottle                         0x0800156b   Thumb Code    72  device.o(.text)
    devEventBrake                            0x080015b3   Thumb Code    72  device.o(.text)
    devEventPhase                            0x080015fb   Thumb Code     2  device.o(.text)
    devEventADC                              0x080015fd   Thumb Code    20  device.o(.text)
    devEventTimer                            0x08001611   Thumb Code   166  device.o(.text)
    dev_init                                 0x080016b7   Thumb Code   112  device.o(.text)
    dev_loop                                 0x08001727   Thumb Code     2  device.o(.text)
    confWrite                                0x0800173d   Thumb Code    20  config.o(.text)
    confDefine                               0x08001751   Thumb Code   152  config.o(.text)
    confRead                                 0x080017e9   Thumb Code    32  config.o(.text)
    conf_init                                0x08001809   Thumb Code     8  config.o(.text)
    confErase                                0x08001811   Thumb Code    10  config.o(.text)
    engine_init                              0x08001825   Thumb Code     2  bldc.o(.text)
    engineMosfetPhase                        0x08001827   Thumb Code    10  bldc.o(.text)
    enginePhase                              0x08001831   Thumb Code    94  bldc.o(.text)
    engineHall                               0x0800188f   Thumb Code     6  bldc.o(.text)
    engineTable                              0x08001895   Thumb Code    32  bldc.o(.text)
    engineControl                            0x080018b5   Thumb Code     6  bldc.o(.text)
    engineEnable                             0x080018bb   Thumb Code    46  bldc.o(.text)
    engineDirection                          0x080018e9   Thumb Code     6  bldc.o(.text)
    engineTarget                             0x080018ef   Thumb Code   170  bldc.o(.text)
    engineWrite                              0x08001999   Thumb Code    28  bldc.o(.text)
    engineBrake                              0x080019b5   Thumb Code    80  bldc.o(.text)
    engineTurnover                           0x08001a05   Thumb Code    10  bldc.o(.text)
    engineReverse                            0x08001a0f   Thumb Code     8  bldc.o(.text)
    engineDegree                             0x08001a17   Thumb Code     6  bldc.o(.text)
    engineMosfet                             0x08001a1d   Thumb Code    26  bldc.o(.text)
    engineCurrentPWM                         0x08001a37   Thumb Code     8  bldc.o(.text)
    engineRun                                0x08001a3f   Thumb Code    14  bldc.o(.text)
    engineTick                               0x08001a4d   Thumb Code     8  bldc.o(.text)
    engineEncoder                            0x08001a55   Thumb Code    48  bldc.o(.text)
    engineTurn                               0x08001a85   Thumb Code    80  bldc.o(.text)
    engineInterpolation                      0x08001ad5   Thumb Code   446  bldc.o(.text)
    engineEncodeTable                        0x08001c93   Thumb Code    10  bldc.o(.text)
    engineMosfetTable                        0x08001c9d   Thumb Code   166  bldc.o(.text)
    enginePWM                                0x08001d43   Thumb Code    76  bldc.o(.text)
    hallCurrent                              0x08001d8f   Thumb Code    38  bldc.o(.text)
    engineWriteTimer                         0x08001db5   Thumb Code  1456  bldc.o(.text)
    engineLimitTimer                         0x08002365   Thumb Code    42  bldc.o(.text)
    engineEventPWM                           0x0800238f   Thumb Code     8  bldc.o(.text)
    engineEventTimer                         0x08002397   Thumb Code    44  bldc.o(.text)
    datap_init                               0x080023cd   Thumb Code    18  datapackage.o(.text)
    dpCRC8                                   0x080023df   Thumb Code    56  datapackage.o(.text)
    dpSend                                   0x08002417   Thumb Code    72  datapackage.o(.text)
    dpEvent                                  0x0800245f   Thumb Code  1108  datapackage.o(.text)
    datapEvent                               0x080028b3   Thumb Code   146  datapackage.o(.text)
    dpMaster                                 0x08002945   Thumb Code   166  datapackage.o(.text)
    dpTurn                                   0x080029eb   Thumb Code    26  datapackage.o(.text)
    dpGetTurn                                0x08002a05   Thumb Code     8  datapackage.o(.text)
    adc_deinit                               0x08002a15   Thumb Code    20  gd32f1x0_adc.o(.text)
    adc_enable                               0x08002a29   Thumb Code    24  gd32f1x0_adc.o(.text)
    adc_disable                              0x08002a41   Thumb Code    14  gd32f1x0_adc.o(.text)
    adc_calibration_enable                   0x08002a4f   Thumb Code    54  gd32f1x0_adc.o(.text)
    adc_dma_mode_enable                      0x08002a85   Thumb Code    14  gd32f1x0_adc.o(.text)
    adc_dma_mode_disable                     0x08002a93   Thumb Code    14  gd32f1x0_adc.o(.text)
    adc_tempsensor_vrefint_enable            0x08002aa1   Thumb Code    14  gd32f1x0_adc.o(.text)
    adc_tempsensor_vrefint_disable           0x08002aaf   Thumb Code    14  gd32f1x0_adc.o(.text)
    adc_vbat_enable                          0x08002abd   Thumb Code    14  gd32f1x0_adc.o(.text)
    adc_vbat_disable                         0x08002acb   Thumb Code    14  gd32f1x0_adc.o(.text)
    adc_discontinuous_mode_config            0x08002ad9   Thumb Code   108  gd32f1x0_adc.o(.text)
    adc_special_function_config              0x08002b45   Thumb Code   130  gd32f1x0_adc.o(.text)
    adc_data_alignment_config                0x08002bc7   Thumb Code    30  gd32f1x0_adc.o(.text)
    adc_channel_length_config                0x08002be5   Thumb Code    98  gd32f1x0_adc.o(.text)
    adc_regular_channel_config               0x08002c47   Thumb Code   218  gd32f1x0_adc.o(.text)
    adc_inserted_channel_config              0x08002d21   Thumb Code   142  gd32f1x0_adc.o(.text)
    adc_inserted_channel_offset_config       0x08002daf   Thumb Code    42  gd32f1x0_adc.o(.text)
    adc_external_trigger_config              0x08002dd9   Thumb Code    88  gd32f1x0_adc.o(.text)
    adc_external_trigger_source_config       0x08002e31   Thumb Code    60  gd32f1x0_adc.o(.text)
    adc_software_trigger_enable              0x08002e6d   Thumb Code    38  gd32f1x0_adc.o(.text)
    adc_regular_data_read                    0x08002e93   Thumb Code    10  gd32f1x0_adc.o(.text)
    adc_inserted_data_read                   0x08002e9d   Thumb Code    60  gd32f1x0_adc.o(.text)
    adc_flag_get                             0x08002ed9   Thumb Code    18  gd32f1x0_adc.o(.text)
    adc_flag_clear                           0x08002eeb   Thumb Code    16  gd32f1x0_adc.o(.text)
    adc_interrupt_flag_get                   0x08002efb   Thumb Code   108  gd32f1x0_adc.o(.text)
    adc_interrupt_flag_clear                 0x08002f67   Thumb Code    16  gd32f1x0_adc.o(.text)
    adc_interrupt_enable                     0x08002f77   Thumb Code    68  gd32f1x0_adc.o(.text)
    adc_interrupt_disable                    0x08002fbb   Thumb Code    68  gd32f1x0_adc.o(.text)
    adc_watchdog_single_channel_enable       0x08002fff   Thumb Code    40  gd32f1x0_adc.o(.text)
    adc_watchdog_group_channel_enable        0x08003027   Thumb Code    92  gd32f1x0_adc.o(.text)
    adc_watchdog_disable                     0x08003083   Thumb Code    18  gd32f1x0_adc.o(.text)
    adc_watchdog_threshold_config            0x08003095   Thumb Code    20  gd32f1x0_adc.o(.text)
    dma_deinit                               0x080030b5   Thumb Code    88  gd32f1x0_dma.o(.text)
    dma_struct_para_init                     0x0800310d   Thumb Code    30  gd32f1x0_dma.o(.text)
    dma_init                                 0x0800312b   Thumb Code   264  gd32f1x0_dma.o(.text)
    dma_circulation_enable                   0x08003233   Thumb Code    30  gd32f1x0_dma.o(.text)
    dma_circulation_disable                  0x08003251   Thumb Code    30  gd32f1x0_dma.o(.text)
    dma_memory_to_memory_enable              0x0800326f   Thumb Code    30  gd32f1x0_dma.o(.text)
    dma_memory_to_memory_disable             0x0800328d   Thumb Code    30  gd32f1x0_dma.o(.text)
    dma_channel_enable                       0x080032ab   Thumb Code    30  gd32f1x0_dma.o(.text)
    dma_channel_disable                      0x080032c9   Thumb Code    30  gd32f1x0_dma.o(.text)
    dma_periph_address_config                0x080032e7   Thumb Code    14  gd32f1x0_dma.o(.text)
    dma_memory_address_config                0x080032f5   Thumb Code    14  gd32f1x0_dma.o(.text)
    dma_transfer_number_config               0x08003303   Thumb Code    14  gd32f1x0_dma.o(.text)
    dma_transfer_number_get                  0x08003311   Thumb Code    16  gd32f1x0_dma.o(.text)
    dma_priority_config                      0x08003321   Thumb Code    34  gd32f1x0_dma.o(.text)
    dma_memory_width_config                  0x08003343   Thumb Code    34  gd32f1x0_dma.o(.text)
    dma_periph_width_config                  0x08003365   Thumb Code    34  gd32f1x0_dma.o(.text)
    dma_memory_increase_enable               0x08003387   Thumb Code    30  gd32f1x0_dma.o(.text)
    dma_memory_increase_disable              0x080033a5   Thumb Code    30  gd32f1x0_dma.o(.text)
    dma_periph_increase_enable               0x080033c3   Thumb Code    30  gd32f1x0_dma.o(.text)
    dma_periph_increase_disable              0x080033e1   Thumb Code    30  gd32f1x0_dma.o(.text)
    dma_transfer_direction_config            0x080033ff   Thumb Code    64  gd32f1x0_dma.o(.text)
    dma_interrupt_flag_get                   0x0800343f   Thumb Code   196  gd32f1x0_dma.o(.text)
    dma_interrupt_flag_clear                 0x08003503   Thumb Code    18  gd32f1x0_dma.o(.text)
    dma_interrupt_enable                     0x08003515   Thumb Code    30  gd32f1x0_dma.o(.text)
    dma_interrupt_disable                    0x08003533   Thumb Code    30  gd32f1x0_dma.o(.text)
    dma_flag_get                             0x08003551   Thumb Code    26  gd32f1x0_dma.o(.text)
    dma_flag_clear                           0x0800356b   Thumb Code    18  gd32f1x0_dma.o(.text)
    fmc_unlock                               0x08003581   Thumb Code    22  gd32f1x0_fmc.o(.text)
    fmc_lock                                 0x08003597   Thumb Code    14  gd32f1x0_fmc.o(.text)
    fmc_wscnt_set                            0x080035a5   Thumb Code    18  gd32f1x0_fmc.o(.text)
    fmc_wait_state_enable                    0x080035b7   Thumb Code    18  gd32f1x0_fmc.o(.text)
    fmc_wait_state_disable                   0x080035c9   Thumb Code    18  gd32f1x0_fmc.o(.text)
    fmc_page_erase                           0x08003629   Thumb Code    66  gd32f1x0_fmc.o(.text)
    fmc_mass_erase                           0x0800366b   Thumb Code    62  gd32f1x0_fmc.o(.text)
    fmc_word_program                         0x080036a9   Thumb Code    58  gd32f1x0_fmc.o(.text)
    fmc_halfword_program                     0x080036e3   Thumb Code    58  gd32f1x0_fmc.o(.text)
    ob_unlock                                0x0800371d   Thumb Code    22  gd32f1x0_fmc.o(.text)
    ob_lock                                  0x08003733   Thumb Code    14  gd32f1x0_fmc.o(.text)
    ob_reset                                 0x08003741   Thumb Code    14  gd32f1x0_fmc.o(.text)
    ob_obstat_plevel_get                     0x0800374f   Thumb Code    10  gd32f1x0_fmc.o(.text)
    ob_erase                                 0x08003759   Thumb Code   142  gd32f1x0_fmc.o(.text)
    ob_write_protection_enable               0x080037e7   Thumb Code   190  gd32f1x0_fmc.o(.text)
    ob_security_protection_config            0x080038a5   Thumb Code   176  gd32f1x0_fmc.o(.text)
    ob_user_write                            0x08003955   Thumb Code   202  gd32f1x0_fmc.o(.text)
    ob_data_program                          0x08003a1f   Thumb Code   184  gd32f1x0_fmc.o(.text)
    ob_user_get                              0x08003ad7   Thumb Code    10  gd32f1x0_fmc.o(.text)
    ob_data_get                              0x08003ae1   Thumb Code     8  gd32f1x0_fmc.o(.text)
    ob_write_protection_get                  0x08003ae9   Thumb Code     8  gd32f1x0_fmc.o(.text)
    fmc_interrupt_enable                     0x08003af1   Thumb Code    12  gd32f1x0_fmc.o(.text)
    fmc_interrupt_disable                    0x08003afd   Thumb Code    12  gd32f1x0_fmc.o(.text)
    fmc_flag_get                             0x08003b09   Thumb Code    16  gd32f1x0_fmc.o(.text)
    fmc_flag_clear                           0x08003b19   Thumb Code    12  gd32f1x0_fmc.o(.text)
    fmc_interrupt_flag_get                   0x08003b25   Thumb Code    16  gd32f1x0_fmc.o(.text)
    fmc_interrupt_flag_clear                 0x08003b35   Thumb Code    12  gd32f1x0_fmc.o(.text)
    fwdgt_write_disable                      0x08003b49   Thumb Code     8  gd32f1x0_fwdgt.o(.text)
    fwdgt_counter_reload                     0x08003b51   Thumb Code    10  gd32f1x0_fwdgt.o(.text)
    fwdgt_enable                             0x08003b5b   Thumb Code    10  gd32f1x0_fwdgt.o(.text)
    fwdgt_window_value_config                0x08003b65   Thumb Code    54  gd32f1x0_fwdgt.o(.text)
    fwdgt_config                             0x08003b9b   Thumb Code    94  gd32f1x0_fwdgt.o(.text)
    fwdgt_flag_get                           0x08003bf9   Thumb Code    18  gd32f1x0_fwdgt.o(.text)
    gpio_deinit                              0x08003c15   Thumb Code   140  gd32f1x0_gpio.o(.text)
    gpio_mode_set                            0x08003ca1   Thumb Code    78  gd32f1x0_gpio.o(.text)
    gpio_output_options_set                  0x08003cef   Thumb Code    66  gd32f1x0_gpio.o(.text)
    gpio_bit_set                             0x08003d31   Thumb Code     4  gd32f1x0_gpio.o(.text)
    gpio_bit_reset                           0x08003d35   Thumb Code     4  gd32f1x0_gpio.o(.text)
    gpio_bit_write                           0x08003d39   Thumb Code    10  gd32f1x0_gpio.o(.text)
    gpio_port_write                          0x08003d43   Thumb Code     4  gd32f1x0_gpio.o(.text)
    gpio_input_bit_get                       0x08003d47   Thumb Code    16  gd32f1x0_gpio.o(.text)
    gpio_input_port_get                      0x08003d57   Thumb Code     8  gd32f1x0_gpio.o(.text)
    gpio_output_bit_get                      0x08003d5f   Thumb Code    16  gd32f1x0_gpio.o(.text)
    gpio_output_port_get                     0x08003d6f   Thumb Code     8  gd32f1x0_gpio.o(.text)
    gpio_af_set                              0x08003d77   Thumb Code    94  gd32f1x0_gpio.o(.text)
    gpio_pin_lock                            0x08003dd5   Thumb Code    18  gd32f1x0_gpio.o(.text)
    nvic_priority_group_set                  0x08003df1   Thumb Code    10  gd32f1x0_misc.o(.text)
    nvic_irq_enable                          0x08003dfb   Thumb Code   156  gd32f1x0_misc.o(.text)
    nvic_irq_disable                         0x08003e97   Thumb Code    18  gd32f1x0_misc.o(.text)
    nvic_vector_table_set                    0x08003ea9   Thumb Code    14  gd32f1x0_misc.o(.text)
    system_lowpower_set                      0x08003eb7   Thumb Code    16  gd32f1x0_misc.o(.text)
    system_lowpower_reset                    0x08003ec7   Thumb Code    16  gd32f1x0_misc.o(.text)
    systick_clksource_set                    0x08003ed7   Thumb Code    40  gd32f1x0_misc.o(.text)
    rcu_deinit                               0x08003f15   Thumb Code   112  gd32f1x0_rcu.o(.text)
    rcu_periph_clock_enable                  0x08003f85   Thumb Code    28  gd32f1x0_rcu.o(.text)
    rcu_periph_clock_disable                 0x08003fa1   Thumb Code    28  gd32f1x0_rcu.o(.text)
    rcu_periph_clock_sleep_enable            0x08003fbd   Thumb Code    28  gd32f1x0_rcu.o(.text)
    rcu_periph_clock_sleep_disable           0x08003fd9   Thumb Code    28  gd32f1x0_rcu.o(.text)
    rcu_periph_reset_enable                  0x08003ff5   Thumb Code    28  gd32f1x0_rcu.o(.text)
    rcu_periph_reset_disable                 0x08004011   Thumb Code    28  gd32f1x0_rcu.o(.text)
    rcu_bkp_reset_enable                     0x0800402d   Thumb Code    14  gd32f1x0_rcu.o(.text)
    rcu_bkp_reset_disable                    0x0800403b   Thumb Code    14  gd32f1x0_rcu.o(.text)
    rcu_system_clock_source_config           0x08004049   Thumb Code    22  gd32f1x0_rcu.o(.text)
    rcu_system_clock_source_get              0x0800405f   Thumb Code    10  gd32f1x0_rcu.o(.text)
    rcu_ahb_clock_config                     0x08004069   Thumb Code    22  gd32f1x0_rcu.o(.text)
    rcu_apb1_clock_config                    0x0800407f   Thumb Code    22  gd32f1x0_rcu.o(.text)
    rcu_apb2_clock_config                    0x08004095   Thumb Code    22  gd32f1x0_rcu.o(.text)
    rcu_adc_clock_config                     0x080040ab   Thumb Code   148  gd32f1x0_rcu.o(.text)
    rcu_usbd_clock_config                    0x0800413f   Thumb Code    22  gd32f1x0_rcu.o(.text)
    rcu_ckout_config                         0x08004155   Thumb Code    24  gd32f1x0_rcu.o(.text)
    rcu_pll_config                           0x0800416d   Thumb Code    28  gd32f1x0_rcu.o(.text)
    rcu_usart_clock_config                   0x08004189   Thumb Code    22  gd32f1x0_rcu.o(.text)
    rcu_cec_clock_config                     0x0800419f   Thumb Code    22  gd32f1x0_rcu.o(.text)
    rcu_rtc_clock_config                     0x080041b5   Thumb Code    22  gd32f1x0_rcu.o(.text)
    rcu_hxtal_prediv_config                  0x080041cb   Thumb Code    20  gd32f1x0_rcu.o(.text)
    rcu_lxtal_drive_capability_config        0x080041df   Thumb Code    22  gd32f1x0_rcu.o(.text)
    rcu_flag_get                             0x080041f5   Thumb Code    30  gd32f1x0_rcu.o(.text)
    rcu_all_reset_flag_clear                 0x08004213   Thumb Code    14  gd32f1x0_rcu.o(.text)
    rcu_interrupt_flag_get                   0x08004221   Thumb Code    18  gd32f1x0_rcu.o(.text)
    rcu_interrupt_flag_clear                 0x08004233   Thumb Code    12  gd32f1x0_rcu.o(.text)
    rcu_interrupt_enable                     0x0800423f   Thumb Code    12  gd32f1x0_rcu.o(.text)
    rcu_interrupt_disable                    0x0800424b   Thumb Code    12  gd32f1x0_rcu.o(.text)
    rcu_osci_stab_wait                       0x08004257   Thumb Code   284  gd32f1x0_rcu.o(.text)
    rcu_osci_on                              0x08004373   Thumb Code    28  gd32f1x0_rcu.o(.text)
    rcu_osci_off                             0x0800438f   Thumb Code    28  gd32f1x0_rcu.o(.text)
    rcu_osci_bypass_mode_enable              0x080043ab   Thumb Code    94  gd32f1x0_rcu.o(.text)
    rcu_osci_bypass_mode_disable             0x08004409   Thumb Code    94  gd32f1x0_rcu.o(.text)
    rcu_hxtal_clock_monitor_enable           0x08004467   Thumb Code    14  gd32f1x0_rcu.o(.text)
    rcu_hxtal_clock_monitor_disable          0x08004475   Thumb Code    14  gd32f1x0_rcu.o(.text)
    rcu_irc8m_adjust_value_set               0x08004483   Thumb Code    20  gd32f1x0_rcu.o(.text)
    rcu_irc14m_adjust_value_set              0x08004497   Thumb Code    20  gd32f1x0_rcu.o(.text)
    rcu_voltage_key_unlock                   0x080044ab   Thumb Code    28  gd32f1x0_rcu.o(.text)
    rcu_deepsleep_voltage_set                0x080044c7   Thumb Code    30  gd32f1x0_rcu.o(.text)
    rcu_power_down_voltage_set               0x080044e5   Thumb Code    30  gd32f1x0_rcu.o(.text)
    rcu_clock_freq_get                       0x08004503   Thumb Code   690  gd32f1x0_rcu.o(.text)
    timer_deinit                             0x080047bd   Thumb Code   210  gd32f1x0_timer.o(.text)
    timer_struct_para_init                   0x0800488f   Thumb Code    22  gd32f1x0_timer.o(.text)
    timer_init                               0x080048a5   Thumb Code   150  gd32f1x0_timer.o(.text)
    timer_enable                             0x0800493b   Thumb Code    10  gd32f1x0_timer.o(.text)
    timer_disable                            0x08004945   Thumb Code    10  gd32f1x0_timer.o(.text)
    timer_auto_reload_shadow_enable          0x0800494f   Thumb Code    10  gd32f1x0_timer.o(.text)
    timer_auto_reload_shadow_disable         0x08004959   Thumb Code    10  gd32f1x0_timer.o(.text)
    timer_update_event_enable                0x08004963   Thumb Code    10  gd32f1x0_timer.o(.text)
    timer_update_event_disable               0x0800496d   Thumb Code    10  gd32f1x0_timer.o(.text)
    timer_counter_alignment                  0x08004977   Thumb Code    16  gd32f1x0_timer.o(.text)
    timer_counter_up_direction               0x08004987   Thumb Code    10  gd32f1x0_timer.o(.text)
    timer_counter_down_direction             0x08004991   Thumb Code    10  gd32f1x0_timer.o(.text)
    timer_prescaler_config                   0x0800499b   Thumb Code    14  gd32f1x0_timer.o(.text)
    timer_repetition_value_config            0x080049a9   Thumb Code     4  gd32f1x0_timer.o(.text)
    timer_autoreload_value_config            0x080049ad   Thumb Code     4  gd32f1x0_timer.o(.text)
    timer_counter_value_config               0x080049b1   Thumb Code     4  gd32f1x0_timer.o(.text)
    timer_counter_read                       0x080049b5   Thumb Code     8  gd32f1x0_timer.o(.text)
    timer_prescaler_read                     0x080049bd   Thumb Code    10  gd32f1x0_timer.o(.text)
    timer_single_pulse_mode_config           0x080049c7   Thumb Code    26  gd32f1x0_timer.o(.text)
    timer_update_source_config               0x080049e1   Thumb Code    26  gd32f1x0_timer.o(.text)
    timer_ocpre_clear_source_config          0x080049fb   Thumb Code    26  gd32f1x0_timer.o(.text)
    timer_interrupt_enable                   0x08004a15   Thumb Code     8  gd32f1x0_timer.o(.text)
    timer_interrupt_disable                  0x08004a1d   Thumb Code     8  gd32f1x0_timer.o(.text)
    timer_interrupt_flag_get                 0x08004a25   Thumb Code    24  gd32f1x0_timer.o(.text)
    timer_interrupt_flag_clear               0x08004a3d   Thumb Code     6  gd32f1x0_timer.o(.text)
    timer_flag_get                           0x08004a43   Thumb Code    16  gd32f1x0_timer.o(.text)
    timer_flag_clear                         0x08004a53   Thumb Code     6  gd32f1x0_timer.o(.text)
    timer_dma_enable                         0x08004a59   Thumb Code     8  gd32f1x0_timer.o(.text)
    timer_dma_disable                        0x08004a61   Thumb Code     8  gd32f1x0_timer.o(.text)
    timer_channel_dma_request_source_select  0x08004a69   Thumb Code    26  gd32f1x0_timer.o(.text)
    timer_dma_transfer_config                0x08004a83   Thumb Code    24  gd32f1x0_timer.o(.text)
    timer_event_software_generate            0x08004a9b   Thumb Code     8  gd32f1x0_timer.o(.text)
    timer_break_struct_para_init             0x08004aa3   Thumb Code    18  gd32f1x0_timer.o(.text)
    timer_break_config                       0x08004ab5   Thumb Code    30  gd32f1x0_timer.o(.text)
    timer_break_enable                       0x08004ad3   Thumb Code    10  gd32f1x0_timer.o(.text)
    timer_break_disable                      0x08004add   Thumb Code    10  gd32f1x0_timer.o(.text)
    timer_automatic_output_enable            0x08004ae7   Thumb Code    10  gd32f1x0_timer.o(.text)
    timer_automatic_output_disable           0x08004af1   Thumb Code    10  gd32f1x0_timer.o(.text)
    timer_primary_output_config              0x08004afb   Thumb Code    24  gd32f1x0_timer.o(.text)
    timer_channel_control_shadow_config      0x08004b13   Thumb Code    24  gd32f1x0_timer.o(.text)
    timer_channel_control_shadow_update_config 0x08004b2b   Thumb Code    26  gd32f1x0_timer.o(.text)
    timer_channel_output_struct_para_init    0x08004b45   Thumb Code    16  gd32f1x0_timer.o(.text)
    timer_channel_output_config              0x08004b55   Thumb Code   530  gd32f1x0_timer.o(.text)
    timer_channel_output_mode_config         0x08004d67   Thumb Code    90  gd32f1x0_timer.o(.text)
    timer_channel_output_pulse_value_config  0x08004dc1   Thumb Code    38  gd32f1x0_timer.o(.text)
    timer_channel_output_shadow_config       0x08004de7   Thumb Code    90  gd32f1x0_timer.o(.text)
    timer_channel_output_fast_config         0x08004e41   Thumb Code    90  gd32f1x0_timer.o(.text)
    timer_channel_output_clear_config        0x08004e9b   Thumb Code    90  gd32f1x0_timer.o(.text)
    timer_channel_output_polarity_config     0x08004ef5   Thumb Code    92  gd32f1x0_timer.o(.text)
    timer_channel_complementary_output_polarity_config 0x08004f51   Thumb Code    92  gd32f1x0_timer.o(.text)
    timer_channel_output_state_config        0x08004fad   Thumb Code    92  gd32f1x0_timer.o(.text)
    timer_channel_complementary_output_state_config 0x08005009   Thumb Code    78  gd32f1x0_timer.o(.text)
    timer_channel_input_struct_para_init     0x08005057   Thumb Code    16  gd32f1x0_timer.o(.text)
    timer_channel_input_capture_prescaler_config 0x08005067   Thumb Code    90  gd32f1x0_timer.o(.text)
    timer_input_capture_config               0x080050c1   Thumb Code   326  gd32f1x0_timer.o(.text)
    timer_channel_capture_value_register_read 0x08005207   Thumb Code    42  gd32f1x0_timer.o(.text)
    timer_input_pwm_capture_config           0x08005231   Thumb Code   356  gd32f1x0_timer.o(.text)
    timer_hall_mode_config                   0x08005395   Thumb Code    26  gd32f1x0_timer.o(.text)
    timer_input_trigger_source_select        0x080053af   Thumb Code    16  gd32f1x0_timer.o(.text)
    timer_master_output_trigger_source_select 0x080053bf   Thumb Code    16  gd32f1x0_timer.o(.text)
    timer_slave_mode_select                  0x080053cf   Thumb Code    16  gd32f1x0_timer.o(.text)
    timer_master_slave_mode_config           0x080053df   Thumb Code    26  gd32f1x0_timer.o(.text)
    timer_external_trigger_config            0x080053f9   Thumb Code    30  gd32f1x0_timer.o(.text)
    timer_quadrature_decoder_mode_config     0x08005417   Thumb Code    64  gd32f1x0_timer.o(.text)
    timer_internal_clock_config              0x08005457   Thumb Code    10  gd32f1x0_timer.o(.text)
    timer_internal_trigger_as_external_clock_config 0x08005461   Thumb Code    32  gd32f1x0_timer.o(.text)
    timer_external_trigger_as_external_clock_config 0x08005481   Thumb Code   166  gd32f1x0_timer.o(.text)
    timer_external_clock_mode0_config        0x08005527   Thumb Code    40  gd32f1x0_timer.o(.text)
    timer_external_clock_mode1_config        0x0800554f   Thumb Code    32  gd32f1x0_timer.o(.text)
    timer_external_clock_mode1_disable       0x0800556f   Thumb Code    10  gd32f1x0_timer.o(.text)
    timer_channel_remap_config               0x08005579   Thumb Code     4  gd32f1x0_timer.o(.text)
    usart_deinit                             0x0800557d   Thumb Code    58  gd32f1x0_usart.o(.text)
    usart_baudrate_set                       0x080055b7   Thumb Code   120  gd32f1x0_usart.o(.text)
    usart_parity_config                      0x0800562f   Thumb Code    24  gd32f1x0_usart.o(.text)
    usart_word_length_set                    0x08005647   Thumb Code    24  gd32f1x0_usart.o(.text)
    usart_stop_bit_set                       0x0800565f   Thumb Code    24  gd32f1x0_usart.o(.text)
    usart_enable                             0x08005677   Thumb Code    10  gd32f1x0_usart.o(.text)
    usart_disable                            0x08005681   Thumb Code    10  gd32f1x0_usart.o(.text)
    usart_transmit_config                    0x0800568b   Thumb Code    16  gd32f1x0_usart.o(.text)
    usart_receive_config                     0x0800569b   Thumb Code    16  gd32f1x0_usart.o(.text)
    usart_data_transmit                      0x080056ab   Thumb Code     8  gd32f1x0_usart.o(.text)
    usart_data_receive                       0x080056b3   Thumb Code    10  gd32f1x0_usart.o(.text)
    usart_data_first_config                  0x080056bd   Thumb Code    28  gd32f1x0_usart.o(.text)
    usart_invert_config                      0x080056d9   Thumb Code   110  gd32f1x0_usart.o(.text)
    usart_overrun_enable                     0x08005747   Thumb Code    18  gd32f1x0_usart.o(.text)
    usart_overrun_disable                    0x08005759   Thumb Code    18  gd32f1x0_usart.o(.text)
    usart_oversample_config                  0x0800576b   Thumb Code    24  gd32f1x0_usart.o(.text)
    usart_sample_bit_config                  0x08005783   Thumb Code    24  gd32f1x0_usart.o(.text)
    usart_autobaud_detection_enable          0x0800579b   Thumb Code    10  gd32f1x0_usart.o(.text)
    usart_autobaud_detection_disable         0x080057a5   Thumb Code    10  gd32f1x0_usart.o(.text)
    usart_autobaud_detection_mode_config     0x080057af   Thumb Code    16  gd32f1x0_usart.o(.text)
    usart_mute_mode_enable                   0x080057bf   Thumb Code    10  gd32f1x0_usart.o(.text)
    usart_mute_mode_disable                  0x080057c9   Thumb Code    10  gd32f1x0_usart.o(.text)
    usart_mute_mode_wakeup_config            0x080057d3   Thumb Code    24  gd32f1x0_usart.o(.text)
    usart_address_detection_mode_config      0x080057eb   Thumb Code    28  gd32f1x0_usart.o(.text)
    usart_address_config                     0x08005807   Thumb Code    32  gd32f1x0_usart.o(.text)
    usart_receiver_timeout_enable            0x08005827   Thumb Code    10  gd32f1x0_usart.o(.text)
    usart_receiver_timeout_disable           0x08005831   Thumb Code    10  gd32f1x0_usart.o(.text)
    usart_receiver_timeout_config            0x0800583b   Thumb Code    16  gd32f1x0_usart.o(.text)
    usart_lin_mode_enable                    0x0800584b   Thumb Code    18  gd32f1x0_usart.o(.text)
    usart_lin_mode_disable                   0x0800585d   Thumb Code    18  gd32f1x0_usart.o(.text)
    usart_lin_break_detection_length_config  0x0800586f   Thumb Code    20  gd32f1x0_usart.o(.text)
    usart_halfduplex_enable                  0x08005883   Thumb Code    18  gd32f1x0_usart.o(.text)
    usart_halfduplex_disable                 0x08005895   Thumb Code    18  gd32f1x0_usart.o(.text)
    usart_clock_enable                       0x080058a7   Thumb Code    18  gd32f1x0_usart.o(.text)
    usart_clock_disable                      0x080058b9   Thumb Code    18  gd32f1x0_usart.o(.text)
    usart_synchronous_clock_config           0x080058cb   Thumb Code    50  gd32f1x0_usart.o(.text)
    usart_smartcard_mode_enable              0x080058fd   Thumb Code    18  gd32f1x0_usart.o(.text)
    usart_smartcard_mode_disable             0x0800590f   Thumb Code    18  gd32f1x0_usart.o(.text)
    usart_smartcard_mode_nack_enable         0x08005921   Thumb Code    18  gd32f1x0_usart.o(.text)
    usart_smartcard_mode_nack_disable        0x08005933   Thumb Code    18  gd32f1x0_usart.o(.text)
    usart_guard_time_config                  0x08005945   Thumb Code    36  gd32f1x0_usart.o(.text)
    usart_block_length_config                0x08005969   Thumb Code    24  gd32f1x0_usart.o(.text)
    usart_smartcard_autoretry_config         0x08005981   Thumb Code    32  gd32f1x0_usart.o(.text)
    usart_irda_mode_enable                   0x080059a1   Thumb Code    18  gd32f1x0_usart.o(.text)
    usart_irda_mode_disable                  0x080059b3   Thumb Code    18  gd32f1x0_usart.o(.text)
    usart_irda_lowpower_config               0x080059c5   Thumb Code    20  gd32f1x0_usart.o(.text)
    usart_prescaler_config                   0x080059d9   Thumb Code    24  gd32f1x0_usart.o(.text)
    usart_hardware_flow_rts_config           0x080059f1   Thumb Code    24  gd32f1x0_usart.o(.text)
    usart_hardware_flow_cts_config           0x08005a09   Thumb Code    24  gd32f1x0_usart.o(.text)
    usart_rs485_driver_enable                0x08005a21   Thumb Code    18  gd32f1x0_usart.o(.text)
    usart_rs485_driver_disable               0x08005a33   Thumb Code    18  gd32f1x0_usart.o(.text)
    usart_driver_assertime_config            0x08005a45   Thumb Code    32  gd32f1x0_usart.o(.text)
    usart_driver_deassertime_config          0x08005a65   Thumb Code    32  gd32f1x0_usart.o(.text)
    usart_depolarity_config                  0x08005a85   Thumb Code    28  gd32f1x0_usart.o(.text)
    usart_dma_receive_config                 0x08005aa1   Thumb Code    16  gd32f1x0_usart.o(.text)
    usart_dma_transmit_config                0x08005ab1   Thumb Code    16  gd32f1x0_usart.o(.text)
    usart_reception_error_dma_disable        0x08005ac1   Thumb Code    18  gd32f1x0_usart.o(.text)
    usart_reception_error_dma_enable         0x08005ad3   Thumb Code    18  gd32f1x0_usart.o(.text)
    usart_wakeup_enable                      0x08005ae5   Thumb Code    10  gd32f1x0_usart.o(.text)
    usart_wakeup_disable                     0x08005aef   Thumb Code    10  gd32f1x0_usart.o(.text)
    usart_wakeup_mode_config                 0x08005af9   Thumb Code    28  gd32f1x0_usart.o(.text)
    usart_flag_get                           0x08005b15   Thumb Code    30  gd32f1x0_usart.o(.text)
    usart_flag_clear                         0x08005b33   Thumb Code    18  gd32f1x0_usart.o(.text)
    usart_interrupt_enable                   0x08005b45   Thumb Code    26  gd32f1x0_usart.o(.text)
    usart_interrupt_disable                  0x08005b5f   Thumb Code    26  gd32f1x0_usart.o(.text)
    usart_command_enable                     0x08005b79   Thumb Code     8  gd32f1x0_usart.o(.text)
    usart_interrupt_flag_get                 0x08005b81   Thumb Code    56  gd32f1x0_usart.o(.text)
    usart_interrupt_flag_clear               0x08005bb9   Thumb Code    18  gd32f1x0_usart.o(.text)
    Reset_Handler                            0x08005bcd   Thumb Code     8  startup_gd32f1x0.o(.text)
    NMI_Handler                              0x08005bd5   Thumb Code     2  startup_gd32f1x0.o(.text)
    HardFault_Handler                        0x08005bd7   Thumb Code     2  startup_gd32f1x0.o(.text)
    MemManage_Handler                        0x08005bd9   Thumb Code     2  startup_gd32f1x0.o(.text)
    BusFault_Handler                         0x08005bdb   Thumb Code     2  startup_gd32f1x0.o(.text)
    UsageFault_Handler                       0x08005bdd   Thumb Code     2  startup_gd32f1x0.o(.text)
    SVC_Handler                              0x08005bdf   Thumb Code     2  startup_gd32f1x0.o(.text)
    DebugMon_Handler                         0x08005be1   Thumb Code     2  startup_gd32f1x0.o(.text)
    PendSV_Handler                           0x08005be3   Thumb Code     2  startup_gd32f1x0.o(.text)
    ADC_CMP_IRQHandler                       0x08005be7   Thumb Code     0  startup_gd32f1x0.o(.text)
    CAN0_RX0_IRQHandler                      0x08005be7   Thumb Code     0  startup_gd32f1x0.o(.text)
    CAN0_RX1_IRQHandler                      0x08005be7   Thumb Code     0  startup_gd32f1x0.o(.text)
    CAN0_SCE_IRQHandler                      0x08005be7   Thumb Code     0  startup_gd32f1x0.o(.text)
    CAN0_TX_IRQHandler                       0x08005be7   Thumb Code     0  startup_gd32f1x0.o(.text)
    CAN1_RX0_IRQHandler                      0x08005be7   Thumb Code     0  startup_gd32f1x0.o(.text)
    CAN1_RX1_IRQHandler                      0x08005be7   Thumb Code     0  startup_gd32f1x0.o(.text)
    CAN1_SCE_IRQHandler                      0x08005be7   Thumb Code     0  startup_gd32f1x0.o(.text)
    CAN1_TX_IRQHandler                       0x08005be7   Thumb Code     0  startup_gd32f1x0.o(.text)
    CEC_IRQHandler                           0x08005be7   Thumb Code     0  startup_gd32f1x0.o(.text)
    DMA_Channel5_6_IRQHandler                0x08005be7   Thumb Code     0  startup_gd32f1x0.o(.text)
    EXTI0_1_IRQHandler                       0x08005be7   Thumb Code     0  startup_gd32f1x0.o(.text)
    EXTI2_3_IRQHandler                       0x08005be7   Thumb Code     0  startup_gd32f1x0.o(.text)
    EXTI4_15_IRQHandler                      0x08005be7   Thumb Code     0  startup_gd32f1x0.o(.text)
    FMC_IRQHandler                           0x08005be7   Thumb Code     0  startup_gd32f1x0.o(.text)
    I2C0_ER_IRQHandler                       0x08005be7   Thumb Code     0  startup_gd32f1x0.o(.text)
    I2C0_EV_IRQHandler                       0x08005be7   Thumb Code     0  startup_gd32f1x0.o(.text)
    I2C1_ER_IRQHandler                       0x08005be7   Thumb Code     0  startup_gd32f1x0.o(.text)
    I2C1_EV_IRQHandler                       0x08005be7   Thumb Code     0  startup_gd32f1x0.o(.text)
    I2C2_ER_IRQHandler                       0x08005be7   Thumb Code     0  startup_gd32f1x0.o(.text)
    I2C2_EV_IRQHandler                       0x08005be7   Thumb Code     0  startup_gd32f1x0.o(.text)
    LVD_IRQHandler                           0x08005be7   Thumb Code     0  startup_gd32f1x0.o(.text)
    RCU_IRQHandler                           0x08005be7   Thumb Code     0  startup_gd32f1x0.o(.text)
    RTC_IRQHandler                           0x08005be7   Thumb Code     0  startup_gd32f1x0.o(.text)
    SLCD_IRQHandler                          0x08005be7   Thumb Code     0  startup_gd32f1x0.o(.text)
    SPI0_IRQHandler                          0x08005be7   Thumb Code     0  startup_gd32f1x0.o(.text)
    SPI1_IRQHandler                          0x08005be7   Thumb Code     0  startup_gd32f1x0.o(.text)
    SPI2_IRQHandler                          0x08005be7   Thumb Code     0  startup_gd32f1x0.o(.text)
    TIMER0_Channel_IRQHandler                0x08005be7   Thumb Code     0  startup_gd32f1x0.o(.text)
    TIMER14_IRQHandler                       0x08005be7   Thumb Code     0  startup_gd32f1x0.o(.text)
    TIMER15_IRQHandler                       0x08005be7   Thumb Code     0  startup_gd32f1x0.o(.text)
    TIMER16_IRQHandler                       0x08005be7   Thumb Code     0  startup_gd32f1x0.o(.text)
    TIMER1_IRQHandler                        0x08005be7   Thumb Code     0  startup_gd32f1x0.o(.text)
    TIMER2_IRQHandler                        0x08005be7   Thumb Code     0  startup_gd32f1x0.o(.text)
    TIMER5_DAC_IRQHandler                    0x08005be7   Thumb Code     0  startup_gd32f1x0.o(.text)
    TSI_IRQHandler                           0x08005be7   Thumb Code     0  startup_gd32f1x0.o(.text)
    USART0_IRQHandler                        0x08005be7   Thumb Code     0  startup_gd32f1x0.o(.text)
    USART1_IRQHandler                        0x08005be7   Thumb Code     0  startup_gd32f1x0.o(.text)
    USBDWakeUp_IRQHandler                    0x08005be7   Thumb Code     0  startup_gd32f1x0.o(.text)
    USBD_HP_IRQHandler                       0x08005be7   Thumb Code     0  startup_gd32f1x0.o(.text)
    USBD_LP_IRQHandler                       0x08005be7   Thumb Code     0  startup_gd32f1x0.o(.text)
    WWDGT_IRQHandler                         0x08005be7   Thumb Code     0  startup_gd32f1x0.o(.text)
    __user_initial_stackheap                 0x08005be9   Thumb Code    10  startup_gd32f1x0.o(.text)
    SystemInit                               0x08005c7f   Thumb Code   118  system_gd32f1x0.o(.text)
    SystemCoreClockUpdate                    0x08005cf5   Thumb Code   208  system_gd32f1x0.o(.text)
    __aeabi_uldivmod                         0x08005df9   Thumb Code     0  lludivv7m.o(.text)
    _ll_udiv                                 0x08005df9   Thumb Code   238  lludivv7m.o(.text)
    __2snprintf                              0x08005ee9   Thumb Code    48  noretval__2snprintf.o(.text)
    __printf                                 0x08005f1d   Thumb Code   104  __printf.o(.text)
    _printf_int_dec                          0x08005f85   Thumb Code   104  _printf_dec.o(.text)
    __use_two_region_memory                  0x08005ffd   Thumb Code     2  heapauxi.o(.text)
    __rt_heap_escrow$2region                 0x08005fff   Thumb Code     2  heapauxi.o(.text)
    __rt_heap_expand$2region                 0x08006001   Thumb Code     2  heapauxi.o(.text)
    _printf_int_common                       0x08006003   Thumb Code   178  _printf_intcommon.o(.text)
    __lib_sel_fp_printf                      0x080060b5   Thumb Code     2  _printf_fp_dec.o(.text)
    _printf_fp_dec_real                      0x08006267   Thumb Code   620  _printf_fp_dec.o(.text)
    _printf_char_common                      0x080064df   Thumb Code    32  _printf_char_common.o(.text)
    _sputc                                   0x08006505   Thumb Code    10  _sputc.o(.text)
    _snputc                                  0x0800650f   Thumb Code    16  _snputc.o(.text)
    __rt_locale                              0x08006521   Thumb Code     8  rt_locale_intlibspace.o(.text)
    _ll_udiv10                               0x08006529   Thumb Code   138  lludiv10.o(.text)
    _printf_fp_infnan                        0x080065b5   Thumb Code   112  _printf_fp_infnan.o(.text)
    _btod_etento                             0x08006635   Thumb Code   224  bigflt0.o(.text)
    __user_libspace                          0x08006719   Thumb Code     8  libspace.o(.text)
    __user_perproc_libspace                  0x08006719   Thumb Code     0  libspace.o(.text)
    __user_perthread_libspace                0x08006719   Thumb Code     0  libspace.o(.text)
    __user_setup_stackheap                   0x08006721   Thumb Code    74  sys_stackheap_outer.o(.text)
    exit                                     0x0800676b   Thumb Code    18  exit.o(.text)
    strcmp                                   0x0800677d   Thumb Code   128  strcmpv7m.o(.text)
    _sys_exit                                0x080067fd   Thumb Code     8  sys_exit.o(.text)
    __I$use$semihosting                      0x08006809   Thumb Code     0  use_no_semi.o(.text)
    __use_no_semihosting_swi                 0x08006809   Thumb Code     2  use_no_semi.o(.text)
    __semihosting_library_function           0x0800680b   Thumb Code     0  indicate_semi.o(.text)
    _btod_d2e                                0x0800680b   Thumb Code    62  btod.o(CL$$btod_d2e)
    _d2e_denorm_low                          0x08006849   Thumb Code    70  btod.o(CL$$btod_d2e_denorm_low)
    _d2e_norm_op1                            0x0800688f   Thumb Code    96  btod.o(CL$$btod_d2e_norm_op1)
    __btod_div_common                        0x080068ef   Thumb Code   696  btod.o(CL$$btod_div_common)
    _e2e                                     0x08006c27   Thumb Code   220  btod.o(CL$$btod_e2e)
    _btod_ediv                               0x08006d03   Thumb Code    42  btod.o(CL$$btod_ediv)
    _btod_emul                               0x08006d2d   Thumb Code    42  btod.o(CL$$btod_emul)
    __btod_mult_common                       0x08006d57   Thumb Code   580  btod.o(CL$$btod_mult_common)
    __ARM_fpclassify                         0x08006f9b   Thumb Code    40  fpclassify.o(i.__ARM_fpclassify)
    _get_lc_numeric                          0x08006fc5   Thumb Code    44  lc_numeric_c.o(locale$$code)
    __fpl_dretinf                            0x08006ff1   Thumb Code    12  dretinf.o(x$fpl$dretinf)
    __aeabi_f2d                              0x08006ffd   Thumb Code     0  f2d.o(x$fpl$f2d)
    _f2d                                     0x08006ffd   Thumb Code    86  f2d.o(x$fpl$f2d)
    __fpl_fnaninf                            0x08007053   Thumb Code   140  fnaninf.o(x$fpl$fnaninf)
    _printf_fp_dec                           0x080070df   Thumb Code     4  printf1.o(x$fpl$printf1)
    __I$use$fp                               0x080070e2   Number         0  usenofp.o(x$fpl$usenofp)
    tableHall120                             0x080070e2   Data          16  bldc.o(.constdata)
    tableHall60                              0x080070f2   Data          16  bldc.o(.constdata)
    tableSin                                 0x08007102   Data         361  bldc.o(.constdata)
    tableMeander                             0x0800726b   Data         361  bldc.o(.constdata)
    Region$$Table$$Base                      0x08007468   Number         0  anon$$obj.o(Region$$Table)
    Region$$Table$$Limit                     0x08007488   Number         0  anon$$obj.o(Region$$Table)
    buzzer                                   0x20000000   Data           6  framework.o(.data)
    hallTempL                                0x20000006   Data           2  bldc.o(.data)
    SystemCoreClock                          0x20000008   Data           4  system_gd32f1x0.o(.data)
    logical                                  0x2000000c   Data          20  logical.o(.bss)
    calibration                              0x20000020   Data          16  calibration.o(.bss)
    uartData                                 0x20000030   Data          80  framework.o(.bss)
    fw_adc                                   0x20000080   Data          20  framework.o(.bss)
    msTicks                                  0x20000098   Data          16  framework.o(.bss)
    timerBldc_break_parameter_struct         0x200000a8   Data          24  framework.o(.bss)
    current                                  0x200000c0   Data          16  device.o(.bss)
    throttle                                 0x200000d0   Data          16  device.o(.bss)
    brake                                    0x200000e0   Data          16  device.o(.bss)
    phase                                    0x200000f0   Data          36  device.o(.bss)
    config                                   0x20000114   Data          48  config.o(.bss)
    engine                                   0x20000148   Data         112  bldc.o(.bss)
    dataPackage                              0x200001b8   Data          36  datapackage.o(.bss)
    __libspace_start                         0x200001dc   Data          96  libspace.o(.bss)
    __temporary_stack_top$libspace           0x2000023c   Data           0  libspace.o(.bss)



==============================================================================

Memory Map of the image

  Image Entry point : 0x08000169

  Load Region LR_IROM1 (Base: 0x08000000, Size: 0x000074b0, Max: 0x00010000, ABSOLUTE)

    Execution Region ER_IROM1 (Exec base: 0x08000000, Load base: 0x08000000, Size: 0x000074a4, Max: 0x00010000, ABSOLUTE)

    Exec Addr    Load Addr    Size         Type   Attr      Idx    E Section Name        Object

    0x08000000   0x08000000   0x00000168   Data   RO         1309    RESET               startup_gd32f1x0.o
    0x08000168   0x08000168   0x00000008   Code   RO         1381  * !!!main             c_w.l(__main.o)
    0x08000170   0x08000170   0x00000034   Code   RO         1615    !!!scatter          c_w.l(__scatter.o)
    0x080001a4   0x080001a4   0x0000001a   Code   RO         1617    !!handler_copy      c_w.l(__scatter_copy.o)
    0x080001be   0x080001be   0x00000002   PAD
    0x080001c0   0x080001c0   0x0000001c   Code   RO         1619    !!handler_zi        c_w.l(__scatter_zi.o)
    0x080001dc   0x080001dc   0x00000000   Code   RO         1378    .ARM.Collect$$_printf_percent$$00000000  c_w.l(_printf_percent.o)
    0x080001dc   0x080001dc   0x00000006   Code   RO         1377    .ARM.Collect$$_printf_percent$$00000003  c_w.l(_printf_f.o)
    0x080001e2   0x080001e2   0x00000006   Code   RO         1376    .ARM.Collect$$_printf_percent$$00000009  c_w.l(_printf_d.o)
    0x080001e8   0x080001e8   0x00000004   Code   RO         1402    .ARM.Collect$$_printf_percent$$00000017  c_w.l(_printf_percent_end.o)
    0x080001ec   0x080001ec   0x00000002   Code   RO         1486    .ARM.Collect$$libinit$$00000000  c_w.l(libinit.o)
    0x080001ee   0x080001ee   0x00000000   Code   RO         1488    .ARM.Collect$$libinit$$00000002  c_w.l(libinit2.o)
    0x080001ee   0x080001ee   0x00000000   Code   RO         1490    .ARM.Collect$$libinit$$00000004  c_w.l(libinit2.o)
    0x080001ee   0x080001ee   0x00000000   Code   RO         1493    .ARM.Collect$$libinit$$0000000A  c_w.l(libinit2.o)
    0x080001ee   0x080001ee   0x00000000   Code   RO         1495    .ARM.Collect$$libinit$$0000000C  c_w.l(libinit2.o)
    0x080001ee   0x080001ee   0x00000000   Code   RO         1497    .ARM.Collect$$libinit$$0000000E  c_w.l(libinit2.o)
    0x080001ee   0x080001ee   0x00000006   Code   RO         1498    .ARM.Collect$$libinit$$0000000F  c_w.l(libinit2.o)
    0x080001f4   0x080001f4   0x00000000   Code   RO         1500    .ARM.Collect$$libinit$$00000011  c_w.l(libinit2.o)
    0x080001f4   0x080001f4   0x00000000   Code   RO         1502    .ARM.Collect$$libinit$$00000013  c_w.l(libinit2.o)
    0x080001f4   0x080001f4   0x00000000   Code   RO         1504    .ARM.Collect$$libinit$$00000015  c_w.l(libinit2.o)
    0x080001f4   0x080001f4   0x0000000a   Code   RO         1505    .ARM.Collect$$libinit$$00000016  c_w.l(libinit2.o)
    0x080001fe   0x080001fe   0x00000000   Code   RO         1506    .ARM.Collect$$libinit$$00000017  c_w.l(libinit2.o)
    0x080001fe   0x080001fe   0x00000000   Code   RO         1508    .ARM.Collect$$libinit$$00000019  c_w.l(libinit2.o)
    0x080001fe   0x080001fe   0x00000000   Code   RO         1510    .ARM.Collect$$libinit$$0000001B  c_w.l(libinit2.o)
    0x080001fe   0x080001fe   0x00000000   Code   RO         1512    .ARM.Collect$$libinit$$0000001D  c_w.l(libinit2.o)
    0x080001fe   0x080001fe   0x00000000   Code   RO         1514    .ARM.Collect$$libinit$$0000001F  c_w.l(libinit2.o)
    0x080001fe   0x080001fe   0x00000000   Code   RO         1516    .ARM.Collect$$libinit$$00000021  c_w.l(libinit2.o)
    0x080001fe   0x080001fe   0x00000000   Code   RO         1518    .ARM.Collect$$libinit$$00000023  c_w.l(libinit2.o)
    0x080001fe   0x080001fe   0x00000000   Code   RO         1520    .ARM.Collect$$libinit$$00000025  c_w.l(libinit2.o)
    0x080001fe   0x080001fe   0x00000000   Code   RO         1524    .ARM.Collect$$libinit$$0000002C  c_w.l(libinit2.o)
    0x080001fe   0x080001fe   0x00000000   Code   RO         1526    .ARM.Collect$$libinit$$0000002E  c_w.l(libinit2.o)
    0x080001fe   0x080001fe   0x00000000   Code   RO         1528    .ARM.Collect$$libinit$$00000030  c_w.l(libinit2.o)
    0x080001fe   0x080001fe   0x00000000   Code   RO         1530    .ARM.Collect$$libinit$$00000032  c_w.l(libinit2.o)
    0x080001fe   0x080001fe   0x00000002   Code   RO         1531    .ARM.Collect$$libinit$$00000033  c_w.l(libinit2.o)
    0x08000200   0x08000200   0x00000002   Code   RO         1578    .ARM.Collect$$libshutdown$$00000000  c_w.l(libshutdown.o)
    0x08000202   0x08000202   0x00000000   Code   RO         1596    .ARM.Collect$$libshutdown$$00000002  c_w.l(libshutdown2.o)
    0x08000202   0x08000202   0x00000000   Code   RO         1598    .ARM.Collect$$libshutdown$$00000004  c_w.l(libshutdown2.o)
    0x08000202   0x08000202   0x00000000   Code   RO         1600    .ARM.Collect$$libshutdown$$00000006  c_w.l(libshutdown2.o)
    0x08000202   0x08000202   0x00000000   Code   RO         1603    .ARM.Collect$$libshutdown$$00000009  c_w.l(libshutdown2.o)
    0x08000202   0x08000202   0x00000000   Code   RO         1606    .ARM.Collect$$libshutdown$$0000000C  c_w.l(libshutdown2.o)
    0x08000202   0x08000202   0x00000000   Code   RO         1608    .ARM.Collect$$libshutdown$$0000000E  c_w.l(libshutdown2.o)
    0x08000202   0x08000202   0x00000000   Code   RO         1611    .ARM.Collect$$libshutdown$$00000011  c_w.l(libshutdown2.o)
    0x08000202   0x08000202   0x00000002   Code   RO         1612    .ARM.Collect$$libshutdown$$00000012  c_w.l(libshutdown2.o)
    0x08000204   0x08000204   0x00000000   Code   RO         1387    .ARM.Collect$$rtentry$$00000000  c_w.l(__rtentry.o)
    0x08000204   0x08000204   0x00000000   Code   RO         1409    .ARM.Collect$$rtentry$$00000002  c_w.l(__rtentry2.o)
    0x08000204   0x08000204   0x00000006   Code   RO         1421    .ARM.Collect$$rtentry$$00000004  c_w.l(__rtentry4.o)
    0x0800020a   0x0800020a   0x00000000   Code   RO         1411    .ARM.Collect$$rtentry$$00000009  c_w.l(__rtentry2.o)
    0x0800020a   0x0800020a   0x00000004   Code   RO         1412    .ARM.Collect$$rtentry$$0000000A  c_w.l(__rtentry2.o)
    0x0800020e   0x0800020e   0x00000000   Code   RO         1414    .ARM.Collect$$rtentry$$0000000C  c_w.l(__rtentry2.o)
    0x0800020e   0x0800020e   0x00000008   Code   RO         1415    .ARM.Collect$$rtentry$$0000000D  c_w.l(__rtentry2.o)
    0x08000216   0x08000216   0x00000002   Code   RO         1532    .ARM.Collect$$rtexit$$00000000  c_w.l(rtexit.o)
    0x08000218   0x08000218   0x00000000   Code   RO         1547    .ARM.Collect$$rtexit$$00000002  c_w.l(rtexit2.o)
    0x08000218   0x08000218   0x00000004   Code   RO         1548    .ARM.Collect$$rtexit$$00000003  c_w.l(rtexit2.o)
    0x0800021c   0x0800021c   0x00000006   Code   RO         1549    .ARM.Collect$$rtexit$$00000004  c_w.l(rtexit2.o)
    0x08000222   0x08000222   0x00000024   Code   RO            4    .text               main.o
    0x08000246   0x08000246   0x00000002   PAD
    0x08000248   0x08000248   0x00000208   Code   RO          159    .text               logical.o
    0x08000450   0x08000450   0x00000318   Code   RO          259    .text               calibration.o
    0x08000768   0x08000768   0x00000034   Code   RO          426    .text               slave.o
    0x0800079c   0x0800079c   0x0000005c   Code   RO          505    .text               work.o
    0x080007f8   0x080007f8   0x00000c14   Code   RO          596    .text               framework.o
    0x0800140c   0x0800140c   0x00000330   Code   RO          695    .text               device.o
    0x0800173c   0x0800173c   0x000000e8   Code   RO          753    .text               config.o
    0x08001824   0x08001824   0x00000ba8   Code   RO          819    .text               bldc.o
    0x080023cc   0x080023cc   0x00000648   Code   RO          888    .text               datapackage.o
    0x08002a14   0x08002a14   0x000006a0   Code   RO          970    .text               gd32f1x0_adc.o
    0x080030b4   0x080030b4   0x000004cc   Code   RO         1018    .text               gd32f1x0_dma.o
    0x08003580   0x08003580   0x000005c8   Code   RO         1042    .text               gd32f1x0_fmc.o
    0x08003b48   0x08003b48   0x000000cc   Code   RO         1066    .text               gd32f1x0_fwdgt.o
    0x08003c14   0x08003c14   0x000001dc   Code   RO         1090    .text               gd32f1x0_gpio.o
    0x08003df0   0x08003df0   0x00000124   Code   RO         1138    .text               gd32f1x0_misc.o
    0x08003f14   0x08003f14   0x000008a8   Code   RO         1190    .text               gd32f1x0_rcu.o
    0x080047bc   0x080047bc   0x00000dc0   Code   RO         1238    .text               gd32f1x0_timer.o
    0x0800557c   0x0800557c   0x0000064e   Code   RO         1262    .text               gd32f1x0_usart.o
    0x08005bca   0x08005bca   0x00000002   PAD
    0x08005bcc   0x08005bcc   0x00000040   Code   RO         1310    .text               startup_gd32f1x0.o
    0x08005c0c   0x08005c0c   0x000001ec   Code   RO         1317    .text               system_gd32f1x0.o
    0x08005df8   0x08005df8   0x000000ee   Code   RO         1346    .text               c_w.l(lludivv7m.o)
    0x08005ee6   0x08005ee6   0x00000002   PAD
    0x08005ee8   0x08005ee8   0x00000034   Code   RO         1350    .text               c_w.l(noretval__2snprintf.o)
    0x08005f1c   0x08005f1c   0x00000068   Code   RO         1352    .text               c_w.l(__printf.o)
    0x08005f84   0x08005f84   0x00000078   Code   RO         1354    .text               c_w.l(_printf_dec.o)
    0x08005ffc   0x08005ffc   0x00000006   Code   RO         1379    .text               c_w.l(heapauxi.o)
    0x08006002   0x08006002   0x000000b2   Code   RO         1392    .text               c_w.l(_printf_intcommon.o)
    0x080060b4   0x080060b4   0x0000041e   Code   RO         1394    .text               c_w.l(_printf_fp_dec.o)
    0x080064d2   0x080064d2   0x00000002   PAD
    0x080064d4   0x080064d4   0x00000030   Code   RO         1396    .text               c_w.l(_printf_char_common.o)
    0x08006504   0x08006504   0x0000000a   Code   RO         1398    .text               c_w.l(_sputc.o)
    0x0800650e   0x0800650e   0x00000010   Code   RO         1400    .text               c_w.l(_snputc.o)
    0x0800651e   0x0800651e   0x00000002   PAD
    0x08006520   0x08006520   0x00000008   Code   RO         1428    .text               c_w.l(rt_locale_intlibspace.o)
    0x08006528   0x08006528   0x0000008a   Code   RO         1430    .text               c_w.l(lludiv10.o)
    0x080065b2   0x080065b2   0x00000002   PAD
    0x080065b4   0x080065b4   0x00000080   Code   RO         1432    .text               c_w.l(_printf_fp_infnan.o)
    0x08006634   0x08006634   0x000000e4   Code   RO         1436    .text               c_w.l(bigflt0.o)
    0x08006718   0x08006718   0x00000008   Code   RO         1468    .text               c_w.l(libspace.o)
    0x08006720   0x08006720   0x0000004a   Code   RO         1471    .text               c_w.l(sys_stackheap_outer.o)
    0x0800676a   0x0800676a   0x00000012   Code   RO         1473    .text               c_w.l(exit.o)
    0x0800677c   0x0800677c   0x00000080   Code   RO         1479    .text               c_w.l(strcmpv7m.o)
    0x080067fc   0x080067fc   0x0000000c   Code   RO         1544    .text               c_w.l(sys_exit.o)
    0x08006808   0x08006808   0x00000002   Code   RO         1565    .text               c_w.l(use_no_semi.o)
    0x0800680a   0x0800680a   0x00000000   Code   RO         1567    .text               c_w.l(indicate_semi.o)
    0x0800680a   0x0800680a   0x0000003e   Code   RO         1439    CL$$btod_d2e        c_w.l(btod.o)
    0x08006848   0x08006848   0x00000046   Code   RO         1441    CL$$btod_d2e_denorm_low  c_w.l(btod.o)
    0x0800688e   0x0800688e   0x00000060   Code   RO         1440    CL$$btod_d2e_norm_op1  c_w.l(btod.o)
    0x080068ee   0x080068ee   0x00000338   Code   RO         1449    CL$$btod_div_common  c_w.l(btod.o)
    0x08006c26   0x08006c26   0x000000dc   Code   RO         1446    CL$$btod_e2e        c_w.l(btod.o)
    0x08006d02   0x08006d02   0x0000002a   Code   RO         1443    CL$$btod_ediv       c_w.l(btod.o)
    0x08006d2c   0x08006d2c   0x0000002a   Code   RO         1442    CL$$btod_emul       c_w.l(btod.o)
    0x08006d56   0x08006d56   0x00000244   Code   RO         1448    CL$$btod_mult_common  c_w.l(btod.o)
    0x08006f9a   0x08006f9a   0x00000028   Code   RO         1466    i.__ARM_fpclassify  m_ws.l(fpclassify.o)
    0x08006fc2   0x08006fc2   0x00000002   PAD
    0x08006fc4   0x08006fc4   0x0000002c   Code   RO         1462    locale$$code        c_w.l(lc_numeric_c.o)
    0x08006ff0   0x08006ff0   0x0000000c   Code   RO         1403    x$fpl$dretinf       fz_ws.l(dretinf.o)
    0x08006ffc   0x08006ffc   0x00000056   Code   RO         1383    x$fpl$f2d           fz_ws.l(f2d.o)
    0x08007052   0x08007052   0x0000008c   Code   RO         1405    x$fpl$fnaninf       fz_ws.l(fnaninf.o)
    0x080070de   0x080070de   0x00000004   Code   RO         1385    x$fpl$printf1       fz_ws.l(printf1.o)
    0x080070e2   0x080070e2   0x00000000   Code   RO         1407    x$fpl$usenofp       fz_ws.l(usenofp.o)
    0x080070e2   0x080070e2   0x000002f2   Data   RO          821    .constdata          bldc.o
    0x080073d4   0x080073d4   0x00000094   Data   RO         1437    .constdata          c_w.l(bigflt0.o)
    0x08007468   0x08007468   0x00000020   Data   RO         1613    Region$$Table       anon$$obj.o
    0x08007488   0x08007488   0x0000001c   Data   RO         1461    locale$$data        c_w.l(lc_numeric_c.o)


    Execution Region RW_IRAM1 (Exec base: 0x20000000, Load base: 0x080074a4, Size: 0x00000a40, Max: 0x00002000, ABSOLUTE)

    Exec Addr    Load Addr    Size         Type   Attr      Idx    E Section Name        Object

    0x20000000   0x080074a4   0x00000006   Data   RW          598    .data               framework.o
    0x20000006   0x080074aa   0x00000002   Data   RW          822    .data               bldc.o
    0x20000008   0x080074ac   0x00000004   Data   RW         1318    .data               system_gd32f1x0.o
    0x2000000c        -       0x00000014   Zero   RW          160    .bss                logical.o
    0x20000020        -       0x00000010   Zero   RW          260    .bss                calibration.o
    0x20000030        -       0x00000090   Zero   RW          597    .bss                framework.o
    0x200000c0        -       0x00000054   Zero   RW          696    .bss                device.o
    0x20000114        -       0x00000030   Zero   RW          754    .bss                config.o
    0x20000144   0x080074b0   0x00000004   PAD
    0x20000148        -       0x00000070   Zero   RW          820    .bss                bldc.o
    0x200001b8        -       0x00000024   Zero   RW          889    .bss                datapackage.o
    0x200001dc        -       0x00000060   Zero   RW         1469    .bss                c_w.l(libspace.o)
    0x2000023c   0x080074b0   0x00000004   PAD
    0x20000240        -       0x00000400   Zero   RW         1308    HEAP                startup_gd32f1x0.o
    0x20000640        -       0x00000400   Zero   RW         1307    STACK               startup_gd32f1x0.o


==============================================================================

Image component sizes


      Code (inc. data)   RO Data    RW Data    ZI Data      Debug   Object Name

      2984         64        754          2        112       8755   bldc.o
       792         12          0          0         16       2482   calibration.o
       232         10          0          0         48       2161   config.o
      1608         30          0          0         36       7718   datapackage.o
       816         20          0          0         84       7517   device.o
      3092        142          0          6        144      39816   framework.o
      1696         20          0          0          0       6917   gd32f1x0_adc.o
      1228          8          0          0          0       6412   gd32f1x0_dma.o
      1480         30          0          0          0       6120   gd32f1x0_fmc.o
       204         10          0          0          0       1718   gd32f1x0_fwdgt.o
       476         10          0          0          0       3673   gd32f1x0_gpio.o
       292         22          0          0          0       1793   gd32f1x0_misc.o
      2216         90          0          0          0       9244   gd32f1x0_rcu.o
      3520         34          0          0          0      18463   gd32f1x0_timer.o
      1614         12          0          0          0      14107   gd32f1x0_usart.o
       520         10          0          0         20       2830   logical.o
        36          0          0          0          0      63679   main.o
        52          6          0          0          0        560   slave.o
        64         26        360          0       2048        840   startup_gd32f1x0.o
       492         52          0          4          0       1901   system_gd32f1x0.o
        92          6          0          0          0        614   work.o

    ----------------------------------------------------------------------
     23510        614       1146         12       2512     207320   Object Totals
         0          0         32          0          0          0   (incl. Generated)
         4          0          0          0          4          0   (incl. Padding)

    ----------------------------------------------------------------------

      Code (inc. data)   RO Data    RW Data    ZI Data      Debug   Library Member Name

         8          0          0          0          0         68   __main.o
       104          0          0          0          0         84   __printf.o
         0          0          0          0          0          0   __rtentry.o
        12          0          0          0          0          0   __rtentry2.o
         6          0          0          0          0          0   __rtentry4.o
        52          8          0          0          0          0   __scatter.o
        26          0          0          0          0          0   __scatter_copy.o
        28          0          0          0          0          0   __scatter_zi.o
        48          6          0          0          0         96   _printf_char_common.o
         6          0          0          0          0          0   _printf_d.o
       120         16          0          0          0         92   _printf_dec.o
         6          0          0          0          0          0   _printf_f.o
      1054          0          0          0          0        216   _printf_fp_dec.o
       128         16          0          0          0         84   _printf_fp_infnan.o
       178          0          0          0          0         88   _printf_intcommon.o
         0          0          0          0          0          0   _printf_percent.o
         4          0          0          0          0          0   _printf_percent_end.o
        16          0          0          0          0         68   _snputc.o
        10          0          0          0          0         68   _sputc.o
       228          4        148          0          0         96   bigflt0.o
      1936        128          0          0          0        672   btod.o
        18          0          0          0          0         80   exit.o
         6          0          0          0          0        152   heapauxi.o
         0          0          0          0          0          0   indicate_semi.o
        44         10         28          0          0         76   lc_numeric_c.o
         2          0          0          0          0          0   libinit.o
        18          0          0          0          0          0   libinit2.o
         2          0          0          0          0          0   libshutdown.o
         2          0          0          0          0          0   libshutdown2.o
         8          4          0          0         96         68   libspace.o
       138          0          0          0          0         80   lludiv10.o
       238          0          0          0          0        100   lludivv7m.o
        52          4          0          0          0         84   noretval__2snprintf.o
         8          4          0          0          0         68   rt_locale_intlibspace.o
         2          0          0          0          0          0   rtexit.o
        10          0          0          0          0          0   rtexit2.o
       128          0          0          0          0         68   strcmpv7m.o
        12          4          0          0          0         68   sys_exit.o
        74          0          0          0          0         80   sys_stackheap_outer.o
         2          0          0          0          0         68   use_no_semi.o
        12          0          0          0          0         68   dretinf.o
        86          4          0          0          0         84   f2d.o
       140          4          0          0          0         84   fnaninf.o
         4          0          0          0          0         68   printf1.o
         0          0          0          0          0          0   usenofp.o
        40          0          0          0          0         68   fpclassify.o

    ----------------------------------------------------------------------
      5028        212        176          0        100       2996   Library Totals
        12          0          0          0          4          0   (incl. Padding)

    ----------------------------------------------------------------------

      Code (inc. data)   RO Data    RW Data    ZI Data      Debug   Library Name

      4734        204        176          0         96       2624   c_w.l
       242          8          0          0          0        304   fz_ws.l
        40          0          0          0          0         68   m_ws.l

    ----------------------------------------------------------------------
      5028        212        176          0        100       2996   Library Totals

    ----------------------------------------------------------------------

==============================================================================


      Code (inc. data)   RO Data    RW Data    ZI Data      Debug   

     28538        826       1322         12       2612     206256   Grand Totals
     28538        826       1322         12       2612     206256   ELF Image Totals
     28538        826       1322         12          0          0   ROM Totals

==============================================================================

    Total RO  Size (Code + RO Data)                29860 (  29.16kB)
    Total RW  Size (RW Data + ZI Data)              2624 (   2.56kB)
    Total ROM Size (Code + RO Data + RW Data)      29872 (  29.17kB)

==============================================================================

